16:03:37 **** Incremental Build of configuration Debug for project Impedance_AD5933 ****
make pre-build main-build 
a9-linaro-pre-build-step
' '
'Building file: ../src/AD5933.c'
'Invoking: ARM v7 gcc compiler'
arm-none-eabi-gcc -Wall -O0 -g3 -c -fmessage-length=0 -MT"src/AD5933.o" -mcpu=cortex-a9 -mfpu=vfpv3 -mfloat-abi=hard -I../../Impedance_AD5933_bsp/ps7_cortexa9_0/include -MMD -MP -MF"src/AD5933.d" -MT"src/AD5933.o" -o "src/AD5933.o" "../src/AD5933.c"
../src/AD5933.c: In function 'AD5933_StartSweep':
../src/AD5933.c:197:16: warning: unused variable 'imgData' [-Wunused-variable]
  int realData, imgData = 0;
                ^~~~~~~
../src/AD5933.c:197:6: warning: unused variable 'realData' [-Wunused-variable]
  int realData, imgData = 0;
      ^~~~~~~~
../src/AD5933.c: In function 'AD5933_CalculateImpedance':
../src/AD5933.c:287:23: warning: unused variable 'frequen' [-Wunused-variable]
  int          status, frequen = 0;
                       ^~~~~~~
In file included from ../src/AD5933.c:5:
At top level:
../src/MCP23S17.h:17:13: warning: 'SpiInstance' defined but not used [-Wunused-variable]
 static XSpi SpiInstance;
             ^~~~~~~~~~~
'Finished building: ../src/AD5933.c'
' '
'Building file: ../src/MCP23S17.c'
'Invoking: ARM v7 gcc compiler'
arm-none-eabi-gcc -Wall -O0 -g3 -c -fmessage-length=0 -MT"src/MCP23S17.o" -mcpu=cortex-a9 -mfpu=vfpv3 -mfloat-abi=hard -I../../Impedance_AD5933_bsp/ps7_cortexa9_0/include -MMD -MP -MF"src/MCP23S17.d" -MT"src/MCP23S17.o" -o "src/MCP23S17.o" "../src/MCP23S17.c"
../src/MCP23S17.c: In function 'portTransfer':
../src/MCP23S17.c:384:30: warning: pointer targets in passing argument 2 of 'XSpi_Transfer' differ in signedness [-Wpointer-sign]
  XSpi_Transfer(&SpiInstance, arrayGPB, readBuffer, BUFFER_SIZE);
                              ^~~~~~~~
In file included from ../src/MCP23S17.h:8,
                 from ../src/MCP23S17.c:3:
../../Impedance_AD5933_bsp/ps7_cortexa9_0/include/xspi.h:822:5: note: expected 'u8 *' {aka 'unsigned char *'} but argument is of type 'char *'
 int XSpi_Transfer(XSpi *InstancePtr, u8 *SendBufPtr, u8 *RecvBufPtr,
     ^~~~~~~~~~~~~
../src/MCP23S17.c:384:40: warning: pointer targets in passing argument 3 of 'XSpi_Transfer' differ in signedness [-Wpointer-sign]
  XSpi_Transfer(&SpiInstance, arrayGPB, readBuffer, BUFFER_SIZE);
                                        ^~~~~~~~~~
In file included from ../src/MCP23S17.h:8,
                 from ../src/MCP23S17.c:3:
../../Impedance_AD5933_bsp/ps7_cortexa9_0/include/xspi.h:822:5: note: expected 'u8 *' {aka 'unsigned char *'} but argument is of type 'char *'
 int XSpi_Transfer(XSpi *InstancePtr, u8 *SendBufPtr, u8 *RecvBufPtr,
     ^~~~~~~~~~~~~
../src/MCP23S17.c:385:30: warning: pointer targets in passing argument 2 of 'XSpi_Transfer' differ in signedness [-Wpointer-sign]
  XSpi_Transfer(&SpiInstance, arrayGPA, readBuffer, BUFFER_SIZE);
                              ^~~~~~~~
In file included from ../src/MCP23S17.h:8,
                 from ../src/MCP23S17.c:3:
../../Impedance_AD5933_bsp/ps7_cortexa9_0/include/xspi.h:822:5: note: expected 'u8 *' {aka 'unsigned char *'} but argument is of type 'char *'
 int XSpi_Transfer(XSpi *InstancePtr, u8 *SendBufPtr, u8 *RecvBufPtr,
     ^~~~~~~~~~~~~
../src/MCP23S17.c:385:40: warning: pointer targets in passing argument 3 of 'XSpi_Transfer' differ in signedness [-Wpointer-sign]
  XSpi_Transfer(&SpiInstance, arrayGPA, readBuffer, BUFFER_SIZE);
                                        ^~~~~~~~~~
In file included from ../src/MCP23S17.h:8,
                 from ../src/MCP23S17.c:3:
../../Impedance_AD5933_bsp/ps7_cortexa9_0/include/xspi.h:822:5: note: expected 'u8 *' {aka 'unsigned char *'} but argument is of type 'char *'
 int XSpi_Transfer(XSpi *InstancePtr, u8 *SendBufPtr, u8 *RecvBufPtr,
     ^~~~~~~~~~~~~
'Finished building: ../src/MCP23S17.c'
' '
'Building file: ../src/helloworld.c'
'Invoking: ARM v7 gcc compiler'
arm-none-eabi-gcc -Wall -O0 -g3 -c -fmessage-length=0 -MT"src/helloworld.o" -mcpu=cortex-a9 -mfpu=vfpv3 -mfloat-abi=hard -I../../Impedance_AD5933_bsp/ps7_cortexa9_0/include -MMD -MP -MF"src/helloworld.d" -MT"src/helloworld.o" -o "src/helloworld.o" "../src/helloworld.c"
../src/helloworld.c: In function 'main':
../src/helloworld.c:77:33: warning: pointer targets in passing argument 2 of 'XSpi_Transfer' differ in signedness [-Wpointer-sign]
     XSpi_Transfer(&SpiInstance, setConfig, readBuffer, BUFFER_SIZE);
                                 ^~~~~~~~~
In file included from ../src/MCP23S17.h:8,
                 from ../src/helloworld.c:45:
../../Impedance_AD5933_bsp/ps7_cortexa9_0/include/xspi.h:822:5: note: expected 'u8 *' {aka 'unsigned char *'} but argument is of type 'char *'
 int XSpi_Transfer(XSpi *InstancePtr, u8 *SendBufPtr, u8 *RecvBufPtr,
     ^~~~~~~~~~~~~
../src/helloworld.c:77:44: warning: pointer targets in passing argument 3 of 'XSpi_Transfer' differ in signedness [-Wpointer-sign]
     XSpi_Transfer(&SpiInstance, setConfig, readBuffer, BUFFER_SIZE);
                                            ^~~~~~~~~~
In file included from ../src/MCP23S17.h:8,
                 from ../src/helloworld.c:45:
../../Impedance_AD5933_bsp/ps7_cortexa9_0/include/xspi.h:822:5: note: expected 'u8 *' {aka 'unsigned char *'} but argument is of type 'char *'
 int XSpi_Transfer(XSpi *InstancePtr, u8 *SendBufPtr, u8 *RecvBufPtr,
     ^~~~~~~~~~~~~
../src/helloworld.c:81:24: error: 'ODIRA' undeclared (first use in this function); did you mean 'IODIRA'?
     setDirections[1] = ODIRA;
                        ^~~~~
                        IODIRA
../src/helloworld.c:81:24: note: each undeclared identifier is reported only once for each function it appears in
../src/helloworld.c:83:33: warning: pointer targets in passing argument 2 of 'XSpi_Transfer' differ in signedness [-Wpointer-sign]
     XSpi_Transfer(&SpiInstance, setConfig, readBuffer, BUFFER_SIZE);
                                 ^~~~~~~~~
In file included from ../src/MCP23S17.h:8,
                 from ../src/helloworld.c:45:
../../Impedance_AD5933_bsp/ps7_cortexa9_0/include/xspi.h:822:5: note: expected 'u8 *' {aka 'unsigned char *'} but argument is of type 'char *'
 int XSpi_Transfer(XSpi *InstancePtr, u8 *SendBufPtr, u8 *RecvBufPtr,
     ^~~~~~~~~~~~~
../src/helloworld.c:83:44: warning: pointer targets in passing argument 3 of 'XSpi_Transfer' differ in signedness [-Wpointer-sign]
     XSpi_Transfer(&SpiInstance, setConfig, readBuffer, BUFFER_SIZE);
                                            ^~~~~~~~~~
In file included from ../src/MCP23S17.h:8,
                 from ../src/helloworld.c:45:
../../Impedance_AD5933_bsp/ps7_cortexa9_0/include/xspi.h:822:5: note: expected 'u8 *' {aka 'unsigned char *'} but argument is of type 'char *'
 int XSpi_Transfer(XSpi *InstancePtr, u8 *SendBufPtr, u8 *RecvBufPtr,
     ^~~~~~~~~~~~~
../src/helloworld.c:89:33: warning: pointer targets in passing argument 2 of 'XSpi_Transfer' differ in signedness [-Wpointer-sign]
     XSpi_Transfer(&SpiInstance, setConfig, readBuffer, BUFFER_SIZE);
                                 ^~~~~~~~~
In file included from ../src/MCP23S17.h:8,
                 from ../src/helloworld.c:45:
../../Impedance_AD5933_bsp/ps7_cortexa9_0/include/xspi.h:822:5: note: expected 'u8 *' {aka 'unsigned char *'} but argument is of type 'char *'
 int XSpi_Transfer(XSpi *InstancePtr, u8 *SendBufPtr, u8 *RecvBufPtr,
     ^~~~~~~~~~~~~
../src/helloworld.c:89:44: warning: pointer targets in passing argument 3 of 'XSpi_Transfer' differ in signedness [-Wpointer-sign]
     XSpi_Transfer(&SpiInstance, setConfig, readBuffer, BUFFER_SIZE);
                                            ^~~~~~~~~~
In file included from ../src/MCP23S17.h:8,
                 from ../src/helloworld.c:45:
../../Impedance_AD5933_bsp/ps7_cortexa9_0/include/xspi.h:822:5: note: expected 'u8 *' {aka 'unsigned char *'} but argument is of type 'char *'
 int XSpi_Transfer(XSpi *InstancePtr, u8 *SendBufPtr, u8 *RecvBufPtr,
     ^~~~~~~~~~~~~
../src/helloworld.c:91:33: warning: pointer targets in passing argument 2 of 'XSpi_Transfer' differ in signedness [-Wpointer-sign]
     XSpi_Transfer(&SpiInstance, setConfig, readBuffer, BUFFER_SIZE);
                                 ^~~~~~~~~
In file included from ../src/MCP23S17.h:8,
                 from ../src/helloworld.c:45:
../../Impedance_AD5933_bsp/ps7_cortexa9_0/include/xspi.h:822:5: note: expected 'u8 *' {aka 'unsigned char *'} but argument is of type 'char *'
 int XSpi_Transfer(XSpi *InstancePtr, u8 *SendBufPtr, u8 *RecvBufPtr,
     ^~~~~~~~~~~~~
../src/helloworld.c:91:44: warning: pointer targets in passing argument 3 of 'XSpi_Transfer' differ in signedness [-Wpointer-sign]
     XSpi_Transfer(&SpiInstance, setConfig, readBuffer, BUFFER_SIZE);
                                            ^~~~~~~~~~
In file included from ../src/MCP23S17.h:8,
                 from ../src/helloworld.c:45:
../../Impedance_AD5933_bsp/ps7_cortexa9_0/include/xspi.h:822:5: note: expected 'u8 *' {aka 'unsigned char *'} but argument is of type 'char *'
 int XSpi_Transfer(XSpi *InstancePtr, u8 *SendBufPtr, u8 *RecvBufPtr,
     ^~~~~~~~~~~~~
In file included from ../../Impedance_AD5933_bsp/ps7_cortexa9_0/include/xiic.h:323,
                 from ../src/AD5933.h:51,
                 from ../src/helloworld.c:44:
../src/helloworld.c: In function 'startGPIOPS':
../../Impedance_AD5933_bsp/ps7_cortexa9_0/include/xstatus.h:61:41: warning: 'return' with a value, in function returning void
 #define XST_FAILURE                     1L
                                         ^~
../src/helloworld.c:140:10: note: in expansion of macro 'XST_FAILURE'
   return XST_FAILURE;
          ^~~~~~~~~~~
../src/helloworld.c:128:6: note: declared here
 void startGPIOPS()
      ^~~~~~~~~~~
make: *** [src/subdir.mk:32: src/helloworld.o] Error 1
16:04:50 **** Incremental Build of configuration Debug for project Impedance_AD5933 ****
make pre-build main-build 
a9-linaro-pre-build-step
' '
'Building file: ../src/helloworld.c'
'Invoking: ARM v7 gcc compiler'
arm-none-eabi-gcc -Wall -O0 -g3 -c -fmessage-length=0 -MT"src/helloworld.o" -mcpu=cortex-a9 -mfpu=vfpv3 -mfloat-abi=hard -I../../Impedance_AD5933_bsp/ps7_cortexa9_0/include -MMD -MP -MF"src/helloworld.d" -MT"src/helloworld.o" -o "src/helloworld.o" "../src/helloworld.c"
../src/helloworld.c: In function 'main':
../src/helloworld.c:77:33: warning: pointer targets in passing argument 2 of 'XSpi_Transfer' differ in signedness [-Wpointer-sign]
     XSpi_Transfer(&SpiInstance, setConfig, readBuffer, BUFFER_SIZE);
                                 ^~~~~~~~~
In file included from ../src/MCP23S17.h:8,
                 from ../src/helloworld.c:45:
../../Impedance_AD5933_bsp/ps7_cortexa9_0/include/xspi.h:822:5: note: expected 'u8 *' {aka 'unsigned char *'} but argument is of type 'char *'
 int XSpi_Transfer(XSpi *InstancePtr, u8 *SendBufPtr, u8 *RecvBufPtr,
     ^~~~~~~~~~~~~
../src/helloworld.c:77:44: warning: pointer targets in passing argument 3 of 'XSpi_Transfer' differ in signedness [-Wpointer-sign]
     XSpi_Transfer(&SpiInstance, setConfig, readBuffer, BUFFER_SIZE);
                                            ^~~~~~~~~~
In file included from ../src/MCP23S17.h:8,
                 from ../src/helloworld.c:45:
../../Impedance_AD5933_bsp/ps7_cortexa9_0/include/xspi.h:822:5: note: expected 'u8 *' {aka 'unsigned char *'} but argument is of type 'char *'
 int XSpi_Transfer(XSpi *InstancePtr, u8 *SendBufPtr, u8 *RecvBufPtr,
     ^~~~~~~~~~~~~
../src/helloworld.c:83:33: warning: pointer targets in passing argument 2 of 'XSpi_Transfer' differ in signedness [-Wpointer-sign]
     XSpi_Transfer(&SpiInstance, setDirections, readBuffer, BUFFER_SIZE);
                                 ^~~~~~~~~~~~~
In file included from ../src/MCP23S17.h:8,
                 from ../src/helloworld.c:45:
../../Impedance_AD5933_bsp/ps7_cortexa9_0/include/xspi.h:822:5: note: expected 'u8 *' {aka 'unsigned char *'} but argument is of type 'char *'
 int XSpi_Transfer(XSpi *InstancePtr, u8 *SendBufPtr, u8 *RecvBufPtr,
     ^~~~~~~~~~~~~
../src/helloworld.c:83:48: warning: pointer targets in passing argument 3 of 'XSpi_Transfer' differ in signedness [-Wpointer-sign]
     XSpi_Transfer(&SpiInstance, setDirections, readBuffer, BUFFER_SIZE);
                                                ^~~~~~~~~~
In file included from ../src/MCP23S17.h:8,
                 from ../src/helloworld.c:45:
../../Impedance_AD5933_bsp/ps7_cortexa9_0/include/xspi.h:822:5: note: expected 'u8 *' {aka 'unsigned char *'} but argument is of type 'char *'
 int XSpi_Transfer(XSpi *InstancePtr, u8 *SendBufPtr, u8 *RecvBufPtr,
     ^~~~~~~~~~~~~
../src/helloworld.c:85:33: warning: pointer targets in passing argument 2 of 'XSpi_Transfer' differ in signedness [-Wpointer-sign]
     XSpi_Transfer(&SpiInstance, setDirections, readBuffer, BUFFER_SIZE);
                                 ^~~~~~~~~~~~~
In file included from ../src/MCP23S17.h:8,
                 from ../src/helloworld.c:45:
../../Impedance_AD5933_bsp/ps7_cortexa9_0/include/xspi.h:822:5: note: expected 'u8 *' {aka 'unsigned char *'} but argument is of type 'char *'
 int XSpi_Transfer(XSpi *InstancePtr, u8 *SendBufPtr, u8 *RecvBufPtr,
     ^~~~~~~~~~~~~
../src/helloworld.c:85:48: warning: pointer targets in passing argument 3 of 'XSpi_Transfer' differ in signedness [-Wpointer-sign]
     XSpi_Transfer(&SpiInstance, setDirections, readBuffer, BUFFER_SIZE);
                                                ^~~~~~~~~~
In file included from ../src/MCP23S17.h:8,
                 from ../src/helloworld.c:45:
../../Impedance_AD5933_bsp/ps7_cortexa9_0/include/xspi.h:822:5: note: expected 'u8 *' {aka 'unsigned char *'} but argument is of type 'char *'
 int XSpi_Transfer(XSpi *InstancePtr, u8 *SendBufPtr, u8 *RecvBufPtr,
     ^~~~~~~~~~~~~
../src/helloworld.c:91:33: warning: pointer targets in passing argument 2 of 'XSpi_Transfer' differ in signedness [-Wpointer-sign]
     XSpi_Transfer(&SpiInstance, setPullupsB, readBuffer, BUFFER_SIZE);
                                 ^~~~~~~~~~~
In file included from ../src/MCP23S17.h:8,
                 from ../src/helloworld.c:45:
../../Impedance_AD5933_bsp/ps7_cortexa9_0/include/xspi.h:822:5: note: expected 'u8 *' {aka 'unsigned char *'} but argument is of type 'char *'
 int XSpi_Transfer(XSpi *InstancePtr, u8 *SendBufPtr, u8 *RecvBufPtr,
     ^~~~~~~~~~~~~
../src/helloworld.c:91:46: warning: pointer targets in passing argument 3 of 'XSpi_Transfer' differ in signedness [-Wpointer-sign]
     XSpi_Transfer(&SpiInstance, setPullupsB, readBuffer, BUFFER_SIZE);
                                              ^~~~~~~~~~
In file included from ../src/MCP23S17.h:8,
                 from ../src/helloworld.c:45:
../../Impedance_AD5933_bsp/ps7_cortexa9_0/include/xspi.h:822:5: note: expected 'u8 *' {aka 'unsigned char *'} but argument is of type 'char *'
 int XSpi_Transfer(XSpi *InstancePtr, u8 *SendBufPtr, u8 *RecvBufPtr,
     ^~~~~~~~~~~~~
../src/helloworld.c:93:33: warning: pointer targets in passing argument 2 of 'XSpi_Transfer' differ in signedness [-Wpointer-sign]
     XSpi_Transfer(&SpiInstance, setPullupsB, readBuffer, BUFFER_SIZE);
                                 ^~~~~~~~~~~
In file included from ../src/MCP23S17.h:8,
                 from ../src/helloworld.c:45:
../../Impedance_AD5933_bsp/ps7_cortexa9_0/include/xspi.h:822:5: note: expected 'u8 *' {aka 'unsigned char *'} but argument is of type 'char *'
 int XSpi_Transfer(XSpi *InstancePtr, u8 *SendBufPtr, u8 *RecvBufPtr,
     ^~~~~~~~~~~~~
../src/helloworld.c:93:46: warning: pointer targets in passing argument 3 of 'XSpi_Transfer' differ in signedness [-Wpointer-sign]
     XSpi_Transfer(&SpiInstance, setPullupsB, readBuffer, BUFFER_SIZE);
                                              ^~~~~~~~~~
In file included from ../src/MCP23S17.h:8,
                 from ../src/helloworld.c:45:
../../Impedance_AD5933_bsp/ps7_cortexa9_0/include/xspi.h:822:5: note: expected 'u8 *' {aka 'unsigned char *'} but argument is of type 'char *'
 int XSpi_Transfer(XSpi *InstancePtr, u8 *SendBufPtr, u8 *RecvBufPtr,
     ^~~~~~~~~~~~~
In file included from ../../Impedance_AD5933_bsp/ps7_cortexa9_0/include/xiic.h:323,
                 from ../src/AD5933.h:51,
                 from ../src/helloworld.c:44:
../src/helloworld.c: In function 'startGPIOPS':
../../Impedance_AD5933_bsp/ps7_cortexa9_0/include/xstatus.h:61:41: warning: 'return' with a value, in function returning void
 #define XST_FAILURE                     1L
                                         ^~
../src/helloworld.c:142:10: note: in expansion of macro 'XST_FAILURE'
   return XST_FAILURE;
          ^~~~~~~~~~~
../src/helloworld.c:130:6: note: declared here
 void startGPIOPS()
      ^~~~~~~~~~~
'Finished building: ../src/helloworld.c'
' '
'Building target: Impedance_AD5933.elf'
'Invoking: ARM v7 gcc linker'
arm-none-eabi-gcc -mcpu=cortex-a9 -mfpu=vfpv3 -mfloat-abi=hard -Wl,-build-id=none -specs=Xilinx.spec -Wl,-T -Wl,../src/lscript.ld -L../../Impedance_AD5933_bsp/ps7_cortexa9_0/lib -o "Impedance_AD5933.elf"  ./src/AD5933.o ./src/MCP23S17.o ./src/helloworld.o ./src/platform.o   -lm -Wl,--start-group,-lxil,-lgcc,-lc,--end-group
'Finished building target: Impedance_AD5933.elf'
' '
'Invoking: ARM v7 Print Size'
arm-none-eabi-size Impedance_AD5933.elf  |tee "Impedance_AD5933.elf.size"
   text	   data	    bss	    dec	    hex	filename
  78576	   2624	 197248	 278448	  43fb0	Impedance_AD5933.elf
'Finished building: Impedance_AD5933.elf.size'
' '
16:05:15 **** Incremental Build of configuration Debug for project Impedance_AD5933 ****
make pre-build main-build 
a9-linaro-pre-build-step
' '
make: Nothing to be done for 'main-build'.
16:07:20 **** Incremental Build of configuration Debug for project Impedance_AD5933 ****
make pre-build main-build 
a9-linaro-pre-build-step
' '
make: Nothing to be done for 'main-build'.
16:09:58 **** Incremental Build of configuration Debug for project Impedance_AD5933 ****
make pre-build main-build 
a9-linaro-pre-build-step
' '
make: Nothing to be done for 'main-build'.
16:13:44 **** Incremental Build of configuration Debug for project Impedance_AD5933 ****
make pre-build main-build 
a9-linaro-pre-build-step
' '
make: Nothing to be done for 'main-build'.
16:15:02 **** Incremental Build of configuration Debug for project Impedance_AD5933 ****
make pre-build main-build 
a9-linaro-pre-build-step
' '
make: Nothing to be done for 'main-build'.
16:15:19 **** Incremental Build of configuration Debug for project Impedance_AD5933 ****
make pre-build main-build 
a9-linaro-pre-build-step
' '
'Building file: ../src/MCP23S17.c'
'Invoking: ARM v7 gcc compiler'
arm-none-eabi-gcc -Wall -O0 -g3 -c -fmessage-length=0 -MT"src/MCP23S17.o" -mcpu=cortex-a9 -mfpu=vfpv3 -mfloat-abi=hard -I../../Impedance_AD5933_bsp/ps7_cortexa9_0/include -MMD -MP -MF"src/MCP23S17.d" -MT"src/MCP23S17.o" -o "src/MCP23S17.o" "../src/MCP23S17.c"
../src/MCP23S17.c: In function 'portTransfer':
../src/MCP23S17.c:383:30: warning: pointer targets in passing argument 2 of 'XSpi_Transfer' differ in signedness [-Wpointer-sign]
  XSpi_Transfer(&SpiInstance, arrayGPB, readBuffer, BUFFER_SIZE);
                              ^~~~~~~~
In file included from ../src/MCP23S17.h:8,
                 from ../src/MCP23S17.c:3:
../../Impedance_AD5933_bsp/ps7_cortexa9_0/include/xspi.h:822:5: note: expected 'u8 *' {aka 'unsigned char *'} but argument is of type 'char *'
 int XSpi_Transfer(XSpi *InstancePtr, u8 *SendBufPtr, u8 *RecvBufPtr,
     ^~~~~~~~~~~~~
../src/MCP23S17.c:383:40: warning: pointer targets in passing argument 3 of 'XSpi_Transfer' differ in signedness [-Wpointer-sign]
  XSpi_Transfer(&SpiInstance, arrayGPB, readBuffer, BUFFER_SIZE);
                                        ^~~~~~~~~~
In file included from ../src/MCP23S17.h:8,
                 from ../src/MCP23S17.c:3:
../../Impedance_AD5933_bsp/ps7_cortexa9_0/include/xspi.h:822:5: note: expected 'u8 *' {aka 'unsigned char *'} but argument is of type 'char *'
 int XSpi_Transfer(XSpi *InstancePtr, u8 *SendBufPtr, u8 *RecvBufPtr,
     ^~~~~~~~~~~~~
../src/MCP23S17.c:384:30: warning: pointer targets in passing argument 2 of 'XSpi_Transfer' differ in signedness [-Wpointer-sign]
  XSpi_Transfer(&SpiInstance, arrayGPA, readBuffer, BUFFER_SIZE);
                              ^~~~~~~~
In file included from ../src/MCP23S17.h:8,
                 from ../src/MCP23S17.c:3:
../../Impedance_AD5933_bsp/ps7_cortexa9_0/include/xspi.h:822:5: note: expected 'u8 *' {aka 'unsigned char *'} but argument is of type 'char *'
 int XSpi_Transfer(XSpi *InstancePtr, u8 *SendBufPtr, u8 *RecvBufPtr,
     ^~~~~~~~~~~~~
../src/MCP23S17.c:384:40: warning: pointer targets in passing argument 3 of 'XSpi_Transfer' differ in signedness [-Wpointer-sign]
  XSpi_Transfer(&SpiInstance, arrayGPA, readBuffer, BUFFER_SIZE);
                                        ^~~~~~~~~~
In file included from ../src/MCP23S17.h:8,
                 from ../src/MCP23S17.c:3:
../../Impedance_AD5933_bsp/ps7_cortexa9_0/include/xspi.h:822:5: note: expected 'u8 *' {aka 'unsigned char *'} but argument is of type 'char *'
 int XSpi_Transfer(XSpi *InstancePtr, u8 *SendBufPtr, u8 *RecvBufPtr,
     ^~~~~~~~~~~~~
../src/MCP23S17.c:390:30: warning: pointer targets in passing argument 2 of 'XSpi_Transfer' differ in signedness [-Wpointer-sign]
  XSpi_Transfer(&SpiInstance, arrayGPB, readBuffer, BUFFER_SIZE);
                              ^~~~~~~~
In file included from ../src/MCP23S17.h:8,
                 from ../src/MCP23S17.c:3:
../../Impedance_AD5933_bsp/ps7_cortexa9_0/include/xspi.h:822:5: note: expected 'u8 *' {aka 'unsigned char *'} but argument is of type 'char *'
 int XSpi_Transfer(XSpi *InstancePtr, u8 *SendBufPtr, u8 *RecvBufPtr,
     ^~~~~~~~~~~~~
../src/MCP23S17.c:390:40: warning: pointer targets in passing argument 3 of 'XSpi_Transfer' differ in signedness [-Wpointer-sign]
  XSpi_Transfer(&SpiInstance, arrayGPB, readBuffer, BUFFER_SIZE);
                                        ^~~~~~~~~~
In file included from ../src/MCP23S17.h:8,
                 from ../src/MCP23S17.c:3:
../../Impedance_AD5933_bsp/ps7_cortexa9_0/include/xspi.h:822:5: note: expected 'u8 *' {aka 'unsigned char *'} but argument is of type 'char *'
 int XSpi_Transfer(XSpi *InstancePtr, u8 *SendBufPtr, u8 *RecvBufPtr,
     ^~~~~~~~~~~~~
../src/MCP23S17.c:391:30: warning: pointer targets in passing argument 2 of 'XSpi_Transfer' differ in signedness [-Wpointer-sign]
  XSpi_Transfer(&SpiInstance, arrayGPA, readBuffer, BUFFER_SIZE);
                              ^~~~~~~~
In file included from ../src/MCP23S17.h:8,
                 from ../src/MCP23S17.c:3:
../../Impedance_AD5933_bsp/ps7_cortexa9_0/include/xspi.h:822:5: note: expected 'u8 *' {aka 'unsigned char *'} but argument is of type 'char *'
 int XSpi_Transfer(XSpi *InstancePtr, u8 *SendBufPtr, u8 *RecvBufPtr,
     ^~~~~~~~~~~~~
../src/MCP23S17.c:391:40: warning: pointer targets in passing argument 3 of 'XSpi_Transfer' differ in signedness [-Wpointer-sign]
  XSpi_Transfer(&SpiInstance, arrayGPA, readBuffer, BUFFER_SIZE);
                                        ^~~~~~~~~~
In file included from ../src/MCP23S17.h:8,
                 from ../src/MCP23S17.c:3:
../../Impedance_AD5933_bsp/ps7_cortexa9_0/include/xspi.h:822:5: note: expected 'u8 *' {aka 'unsigned char *'} but argument is of type 'char *'
 int XSpi_Transfer(XSpi *InstancePtr, u8 *SendBufPtr, u8 *RecvBufPtr,
     ^~~~~~~~~~~~~
'Finished building: ../src/MCP23S17.c'
' '
'Building target: Impedance_AD5933.elf'
'Invoking: ARM v7 gcc linker'
arm-none-eabi-gcc -mcpu=cortex-a9 -mfpu=vfpv3 -mfloat-abi=hard -Wl,-build-id=none -specs=Xilinx.spec -Wl,-T -Wl,../src/lscript.ld -L../../Impedance_AD5933_bsp/ps7_cortexa9_0/lib -o "Impedance_AD5933.elf"  ./src/AD5933.o ./src/MCP23S17.o ./src/helloworld.o ./src/platform.o   -lm -Wl,--start-group,-lxil,-lgcc,-lc,--end-group
'Finished building target: Impedance_AD5933.elf'
' '
'Invoking: ARM v7 Print Size'
arm-none-eabi-size Impedance_AD5933.elf  |tee "Impedance_AD5933.elf.size"
   text	   data	    bss	    dec	    hex	filename
  78640	   2624	 197248	 278512	  43ff0	Impedance_AD5933.elf
'Finished building: Impedance_AD5933.elf.size'
' '
16:17:32 **** Incremental Build of configuration Debug for project Impedance_AD5933 ****
make pre-build main-build 
a9-linaro-pre-build-step
' '
'Building file: ../src/helloworld.c'
'Invoking: ARM v7 gcc compiler'
arm-none-eabi-gcc -Wall -O0 -g3 -c -fmessage-length=0 -MT"src/helloworld.o" -mcpu=cortex-a9 -mfpu=vfpv3 -mfloat-abi=hard -I../../Impedance_AD5933_bsp/ps7_cortexa9_0/include -MMD -MP -MF"src/helloworld.d" -MT"src/helloworld.o" -o "src/helloworld.o" "../src/helloworld.c"
../src/helloworld.c: In function 'main':
../src/helloworld.c:77:33: warning: pointer targets in passing argument 2 of 'XSpi_Transfer' differ in signedness [-Wpointer-sign]
     XSpi_Transfer(&SpiInstance, setConfig, readBuffer, BUFFER_SIZE);
                                 ^~~~~~~~~
In file included from ../src/MCP23S17.h:8,
                 from ../src/helloworld.c:45:
../../Impedance_AD5933_bsp/ps7_cortexa9_0/include/xspi.h:822:5: note: expected 'u8 *' {aka 'unsigned char *'} but argument is of type 'char *'
 int XSpi_Transfer(XSpi *InstancePtr, u8 *SendBufPtr, u8 *RecvBufPtr,
     ^~~~~~~~~~~~~
../src/helloworld.c:77:44: warning: pointer targets in passing argument 3 of 'XSpi_Transfer' differ in signedness [-Wpointer-sign]
     XSpi_Transfer(&SpiInstance, setConfig, readBuffer, BUFFER_SIZE);
                                            ^~~~~~~~~~
In file included from ../src/MCP23S17.h:8,
                 from ../src/helloworld.c:45:
../../Impedance_AD5933_bsp/ps7_cortexa9_0/include/xspi.h:822:5: note: expected 'u8 *' {aka 'unsigned char *'} but argument is of type 'char *'
 int XSpi_Transfer(XSpi *InstancePtr, u8 *SendBufPtr, u8 *RecvBufPtr,
     ^~~~~~~~~~~~~
../src/helloworld.c:83:33: warning: pointer targets in passing argument 2 of 'XSpi_Transfer' differ in signedness [-Wpointer-sign]
     XSpi_Transfer(&SpiInstance, setDirections, readBuffer, BUFFER_SIZE);
                                 ^~~~~~~~~~~~~
In file included from ../src/MCP23S17.h:8,
                 from ../src/helloworld.c:45:
../../Impedance_AD5933_bsp/ps7_cortexa9_0/include/xspi.h:822:5: note: expected 'u8 *' {aka 'unsigned char *'} but argument is of type 'char *'
 int XSpi_Transfer(XSpi *InstancePtr, u8 *SendBufPtr, u8 *RecvBufPtr,
     ^~~~~~~~~~~~~
../src/helloworld.c:83:48: warning: pointer targets in passing argument 3 of 'XSpi_Transfer' differ in signedness [-Wpointer-sign]
     XSpi_Transfer(&SpiInstance, setDirections, readBuffer, BUFFER_SIZE);
                                                ^~~~~~~~~~
In file included from ../src/MCP23S17.h:8,
                 from ../src/helloworld.c:45:
../../Impedance_AD5933_bsp/ps7_cortexa9_0/include/xspi.h:822:5: note: expected 'u8 *' {aka 'unsigned char *'} but argument is of type 'char *'
 int XSpi_Transfer(XSpi *InstancePtr, u8 *SendBufPtr, u8 *RecvBufPtr,
     ^~~~~~~~~~~~~
../src/helloworld.c:85:33: warning: pointer targets in passing argument 2 of 'XSpi_Transfer' differ in signedness [-Wpointer-sign]
     XSpi_Transfer(&SpiInstance, setDirections, readBuffer, BUFFER_SIZE);
                                 ^~~~~~~~~~~~~
In file included from ../src/MCP23S17.h:8,
                 from ../src/helloworld.c:45:
../../Impedance_AD5933_bsp/ps7_cortexa9_0/include/xspi.h:822:5: note: expected 'u8 *' {aka 'unsigned char *'} but argument is of type 'char *'
 int XSpi_Transfer(XSpi *InstancePtr, u8 *SendBufPtr, u8 *RecvBufPtr,
     ^~~~~~~~~~~~~
../src/helloworld.c:85:48: warning: pointer targets in passing argument 3 of 'XSpi_Transfer' differ in signedness [-Wpointer-sign]
     XSpi_Transfer(&SpiInstance, setDirections, readBuffer, BUFFER_SIZE);
                                                ^~~~~~~~~~
In file included from ../src/MCP23S17.h:8,
                 from ../src/helloworld.c:45:
../../Impedance_AD5933_bsp/ps7_cortexa9_0/include/xspi.h:822:5: note: expected 'u8 *' {aka 'unsigned char *'} but argument is of type 'char *'
 int XSpi_Transfer(XSpi *InstancePtr, u8 *SendBufPtr, u8 *RecvBufPtr,
     ^~~~~~~~~~~~~
../src/helloworld.c:91:33: warning: pointer targets in passing argument 2 of 'XSpi_Transfer' differ in signedness [-Wpointer-sign]
     XSpi_Transfer(&SpiInstance, setPullupsB, readBuffer, BUFFER_SIZE);
                                 ^~~~~~~~~~~
In file included from ../src/MCP23S17.h:8,
                 from ../src/helloworld.c:45:
../../Impedance_AD5933_bsp/ps7_cortexa9_0/include/xspi.h:822:5: note: expected 'u8 *' {aka 'unsigned char *'} but argument is of type 'char *'
 int XSpi_Transfer(XSpi *InstancePtr, u8 *SendBufPtr, u8 *RecvBufPtr,
     ^~~~~~~~~~~~~
../src/helloworld.c:91:46: warning: pointer targets in passing argument 3 of 'XSpi_Transfer' differ in signedness [-Wpointer-sign]
     XSpi_Transfer(&SpiInstance, setPullupsB, readBuffer, BUFFER_SIZE);
                                              ^~~~~~~~~~
In file included from ../src/MCP23S17.h:8,
                 from ../src/helloworld.c:45:
../../Impedance_AD5933_bsp/ps7_cortexa9_0/include/xspi.h:822:5: note: expected 'u8 *' {aka 'unsigned char *'} but argument is of type 'char *'
 int XSpi_Transfer(XSpi *InstancePtr, u8 *SendBufPtr, u8 *RecvBufPtr,
     ^~~~~~~~~~~~~
../src/helloworld.c:93:33: warning: pointer targets in passing argument 2 of 'XSpi_Transfer' differ in signedness [-Wpointer-sign]
     XSpi_Transfer(&SpiInstance, setPullupsB, readBuffer, BUFFER_SIZE);
                                 ^~~~~~~~~~~
In file included from ../src/MCP23S17.h:8,
                 from ../src/helloworld.c:45:
../../Impedance_AD5933_bsp/ps7_cortexa9_0/include/xspi.h:822:5: note: expected 'u8 *' {aka 'unsigned char *'} but argument is of type 'char *'
 int XSpi_Transfer(XSpi *InstancePtr, u8 *SendBufPtr, u8 *RecvBufPtr,
     ^~~~~~~~~~~~~
../src/helloworld.c:93:46: warning: pointer targets in passing argument 3 of 'XSpi_Transfer' differ in signedness [-Wpointer-sign]
     XSpi_Transfer(&SpiInstance, setPullupsB, readBuffer, BUFFER_SIZE);
                                              ^~~~~~~~~~
In file included from ../src/MCP23S17.h:8,
                 from ../src/helloworld.c:45:
../../Impedance_AD5933_bsp/ps7_cortexa9_0/include/xspi.h:822:5: note: expected 'u8 *' {aka 'unsigned char *'} but argument is of type 'char *'
 int XSpi_Transfer(XSpi *InstancePtr, u8 *SendBufPtr, u8 *RecvBufPtr,
     ^~~~~~~~~~~~~
../src/helloworld.c:105:30: warning: pointer targets in passing argument 2 of 'XSpi_Transfer' differ in signedness [-Wpointer-sign]
  XSpi_Transfer(&SpiInstance, arrayGPB, readBuffer, BUFFER_SIZE);
                              ^~~~~~~~
In file included from ../src/MCP23S17.h:8,
                 from ../src/helloworld.c:45:
../../Impedance_AD5933_bsp/ps7_cortexa9_0/include/xspi.h:822:5: note: expected 'u8 *' {aka 'unsigned char *'} but argument is of type 'char *'
 int XSpi_Transfer(XSpi *InstancePtr, u8 *SendBufPtr, u8 *RecvBufPtr,
     ^~~~~~~~~~~~~
../src/helloworld.c:105:40: warning: pointer targets in passing argument 3 of 'XSpi_Transfer' differ in signedness [-Wpointer-sign]
  XSpi_Transfer(&SpiInstance, arrayGPB, readBuffer, BUFFER_SIZE);
                                        ^~~~~~~~~~
In file included from ../src/MCP23S17.h:8,
                 from ../src/helloworld.c:45:
../../Impedance_AD5933_bsp/ps7_cortexa9_0/include/xspi.h:822:5: note: expected 'u8 *' {aka 'unsigned char *'} but argument is of type 'char *'
 int XSpi_Transfer(XSpi *InstancePtr, u8 *SendBufPtr, u8 *RecvBufPtr,
     ^~~~~~~~~~~~~
../src/helloworld.c:106:30: warning: pointer targets in passing argument 2 of 'XSpi_Transfer' differ in signedness [-Wpointer-sign]
  XSpi_Transfer(&SpiInstance, arrayGPA, readBuffer, BUFFER_SIZE);
                              ^~~~~~~~
In file included from ../src/MCP23S17.h:8,
                 from ../src/helloworld.c:45:
../../Impedance_AD5933_bsp/ps7_cortexa9_0/include/xspi.h:822:5: note: expected 'u8 *' {aka 'unsigned char *'} but argument is of type 'char *'
 int XSpi_Transfer(XSpi *InstancePtr, u8 *SendBufPtr, u8 *RecvBufPtr,
     ^~~~~~~~~~~~~
../src/helloworld.c:106:40: warning: pointer targets in passing argument 3 of 'XSpi_Transfer' differ in signedness [-Wpointer-sign]
  XSpi_Transfer(&SpiInstance, arrayGPA, readBuffer, BUFFER_SIZE);
                                        ^~~~~~~~~~
In file included from ../src/MCP23S17.h:8,
                 from ../src/helloworld.c:45:
../../Impedance_AD5933_bsp/ps7_cortexa9_0/include/xspi.h:822:5: note: expected 'u8 *' {aka 'unsigned char *'} but argument is of type 'char *'
 int XSpi_Transfer(XSpi *InstancePtr, u8 *SendBufPtr, u8 *RecvBufPtr,
     ^~~~~~~~~~~~~
../src/helloworld.c:108:16: error: 'aPortSEL' undeclared (first use in this function)
  arrayGPA[2] = aPortSEL;
                ^~~~~~~~
../src/helloworld.c:108:16: note: each undeclared identifier is reported only once for each function it appears in
../src/helloworld.c:109:16: error: 'bPortSEL' undeclared (first use in this function)
  arrayGPB[2] = bPortSEL;
                ^~~~~~~~
../src/helloworld.c:112:30: warning: pointer targets in passing argument 2 of 'XSpi_Transfer' differ in signedness [-Wpointer-sign]
  XSpi_Transfer(&SpiInstance, arrayGPB, readBuffer, BUFFER_SIZE);
                              ^~~~~~~~
In file included from ../src/MCP23S17.h:8,
                 from ../src/helloworld.c:45:
../../Impedance_AD5933_bsp/ps7_cortexa9_0/include/xspi.h:822:5: note: expected 'u8 *' {aka 'unsigned char *'} but argument is of type 'char *'
 int XSpi_Transfer(XSpi *InstancePtr, u8 *SendBufPtr, u8 *RecvBufPtr,
     ^~~~~~~~~~~~~
../src/helloworld.c:112:40: warning: pointer targets in passing argument 3 of 'XSpi_Transfer' differ in signedness [-Wpointer-sign]
  XSpi_Transfer(&SpiInstance, arrayGPB, readBuffer, BUFFER_SIZE);
                                        ^~~~~~~~~~
In file included from ../src/MCP23S17.h:8,
                 from ../src/helloworld.c:45:
../../Impedance_AD5933_bsp/ps7_cortexa9_0/include/xspi.h:822:5: note: expected 'u8 *' {aka 'unsigned char *'} but argument is of type 'char *'
 int XSpi_Transfer(XSpi *InstancePtr, u8 *SendBufPtr, u8 *RecvBufPtr,
     ^~~~~~~~~~~~~
../src/helloworld.c:113:30: warning: pointer targets in passing argument 2 of 'XSpi_Transfer' differ in signedness [-Wpointer-sign]
  XSpi_Transfer(&SpiInstance, arrayGPA, readBuffer, BUFFER_SIZE);
                              ^~~~~~~~
In file included from ../src/MCP23S17.h:8,
                 from ../src/helloworld.c:45:
../../Impedance_AD5933_bsp/ps7_cortexa9_0/include/xspi.h:822:5: note: expected 'u8 *' {aka 'unsigned char *'} but argument is of type 'char *'
 int XSpi_Transfer(XSpi *InstancePtr, u8 *SendBufPtr, u8 *RecvBufPtr,
     ^~~~~~~~~~~~~
../src/helloworld.c:113:40: warning: pointer targets in passing argument 3 of 'XSpi_Transfer' differ in signedness [-Wpointer-sign]
  XSpi_Transfer(&SpiInstance, arrayGPA, readBuffer, BUFFER_SIZE);
                                        ^~~~~~~~~~
In file included from ../src/MCP23S17.h:8,
                 from ../src/helloworld.c:45:
../../Impedance_AD5933_bsp/ps7_cortexa9_0/include/xspi.h:822:5: note: expected 'u8 *' {aka 'unsigned char *'} but argument is of type 'char *'
 int XSpi_Transfer(XSpi *InstancePtr, u8 *SendBufPtr, u8 *RecvBufPtr,
     ^~~~~~~~~~~~~
In file included from ../../Impedance_AD5933_bsp/ps7_cortexa9_0/include/xiic.h:323,
                 from ../src/AD5933.h:51,
                 from ../src/helloworld.c:44:
../src/helloworld.c: In function 'startGPIOPS':
../../Impedance_AD5933_bsp/ps7_cortexa9_0/include/xstatus.h:61:41: warning: 'return' with a value, in function returning void
 #define XST_FAILURE                     1L
                                         ^~
../src/helloworld.c:161:10: note: in expansion of macro 'XST_FAILURE'
   return XST_FAILURE;
          ^~~~~~~~~~~
../src/helloworld.c:149:6: note: declared here
 void startGPIOPS()
      ^~~~~~~~~~~
make: *** [src/subdir.mk:32: src/helloworld.o] Error 1
16:17:45 **** Incremental Build of configuration Debug for project Impedance_AD5933 ****
make pre-build main-build 
a9-linaro-pre-build-step
' '
'Building file: ../src/helloworld.c'
'Invoking: ARM v7 gcc compiler'
arm-none-eabi-gcc -Wall -O0 -g3 -c -fmessage-length=0 -MT"src/helloworld.o" -mcpu=cortex-a9 -mfpu=vfpv3 -mfloat-abi=hard -I../../Impedance_AD5933_bsp/ps7_cortexa9_0/include -MMD -MP -MF"src/helloworld.d" -MT"src/helloworld.o" -o "src/helloworld.o" "../src/helloworld.c"
../src/helloworld.c: In function 'main':
../src/helloworld.c:77:33: warning: pointer targets in passing argument 2 of 'XSpi_Transfer' differ in signedness [-Wpointer-sign]
     XSpi_Transfer(&SpiInstance, setConfig, readBuffer, BUFFER_SIZE);
                                 ^~~~~~~~~
In file included from ../src/MCP23S17.h:8,
                 from ../src/helloworld.c:45:
../../Impedance_AD5933_bsp/ps7_cortexa9_0/include/xspi.h:822:5: note: expected 'u8 *' {aka 'unsigned char *'} but argument is of type 'char *'
 int XSpi_Transfer(XSpi *InstancePtr, u8 *SendBufPtr, u8 *RecvBufPtr,
     ^~~~~~~~~~~~~
../src/helloworld.c:77:44: warning: pointer targets in passing argument 3 of 'XSpi_Transfer' differ in signedness [-Wpointer-sign]
     XSpi_Transfer(&SpiInstance, setConfig, readBuffer, BUFFER_SIZE);
                                            ^~~~~~~~~~
In file included from ../src/MCP23S17.h:8,
                 from ../src/helloworld.c:45:
../../Impedance_AD5933_bsp/ps7_cortexa9_0/include/xspi.h:822:5: note: expected 'u8 *' {aka 'unsigned char *'} but argument is of type 'char *'
 int XSpi_Transfer(XSpi *InstancePtr, u8 *SendBufPtr, u8 *RecvBufPtr,
     ^~~~~~~~~~~~~
../src/helloworld.c:83:33: warning: pointer targets in passing argument 2 of 'XSpi_Transfer' differ in signedness [-Wpointer-sign]
     XSpi_Transfer(&SpiInstance, setDirections, readBuffer, BUFFER_SIZE);
                                 ^~~~~~~~~~~~~
In file included from ../src/MCP23S17.h:8,
                 from ../src/helloworld.c:45:
../../Impedance_AD5933_bsp/ps7_cortexa9_0/include/xspi.h:822:5: note: expected 'u8 *' {aka 'unsigned char *'} but argument is of type 'char *'
 int XSpi_Transfer(XSpi *InstancePtr, u8 *SendBufPtr, u8 *RecvBufPtr,
     ^~~~~~~~~~~~~
../src/helloworld.c:83:48: warning: pointer targets in passing argument 3 of 'XSpi_Transfer' differ in signedness [-Wpointer-sign]
     XSpi_Transfer(&SpiInstance, setDirections, readBuffer, BUFFER_SIZE);
                                                ^~~~~~~~~~
In file included from ../src/MCP23S17.h:8,
                 from ../src/helloworld.c:45:
../../Impedance_AD5933_bsp/ps7_cortexa9_0/include/xspi.h:822:5: note: expected 'u8 *' {aka 'unsigned char *'} but argument is of type 'char *'
 int XSpi_Transfer(XSpi *InstancePtr, u8 *SendBufPtr, u8 *RecvBufPtr,
     ^~~~~~~~~~~~~
../src/helloworld.c:85:33: warning: pointer targets in passing argument 2 of 'XSpi_Transfer' differ in signedness [-Wpointer-sign]
     XSpi_Transfer(&SpiInstance, setDirections, readBuffer, BUFFER_SIZE);
                                 ^~~~~~~~~~~~~
In file included from ../src/MCP23S17.h:8,
                 from ../src/helloworld.c:45:
../../Impedance_AD5933_bsp/ps7_cortexa9_0/include/xspi.h:822:5: note: expected 'u8 *' {aka 'unsigned char *'} but argument is of type 'char *'
 int XSpi_Transfer(XSpi *InstancePtr, u8 *SendBufPtr, u8 *RecvBufPtr,
     ^~~~~~~~~~~~~
../src/helloworld.c:85:48: warning: pointer targets in passing argument 3 of 'XSpi_Transfer' differ in signedness [-Wpointer-sign]
     XSpi_Transfer(&SpiInstance, setDirections, readBuffer, BUFFER_SIZE);
                                                ^~~~~~~~~~
In file included from ../src/MCP23S17.h:8,
                 from ../src/helloworld.c:45:
../../Impedance_AD5933_bsp/ps7_cortexa9_0/include/xspi.h:822:5: note: expected 'u8 *' {aka 'unsigned char *'} but argument is of type 'char *'
 int XSpi_Transfer(XSpi *InstancePtr, u8 *SendBufPtr, u8 *RecvBufPtr,
     ^~~~~~~~~~~~~
../src/helloworld.c:91:33: warning: pointer targets in passing argument 2 of 'XSpi_Transfer' differ in signedness [-Wpointer-sign]
     XSpi_Transfer(&SpiInstance, setPullupsB, readBuffer, BUFFER_SIZE);
                                 ^~~~~~~~~~~
In file included from ../src/MCP23S17.h:8,
                 from ../src/helloworld.c:45:
../../Impedance_AD5933_bsp/ps7_cortexa9_0/include/xspi.h:822:5: note: expected 'u8 *' {aka 'unsigned char *'} but argument is of type 'char *'
 int XSpi_Transfer(XSpi *InstancePtr, u8 *SendBufPtr, u8 *RecvBufPtr,
     ^~~~~~~~~~~~~
../src/helloworld.c:91:46: warning: pointer targets in passing argument 3 of 'XSpi_Transfer' differ in signedness [-Wpointer-sign]
     XSpi_Transfer(&SpiInstance, setPullupsB, readBuffer, BUFFER_SIZE);
                                              ^~~~~~~~~~
In file included from ../src/MCP23S17.h:8,
                 from ../src/helloworld.c:45:
../../Impedance_AD5933_bsp/ps7_cortexa9_0/include/xspi.h:822:5: note: expected 'u8 *' {aka 'unsigned char *'} but argument is of type 'char *'
 int XSpi_Transfer(XSpi *InstancePtr, u8 *SendBufPtr, u8 *RecvBufPtr,
     ^~~~~~~~~~~~~
../src/helloworld.c:93:33: warning: pointer targets in passing argument 2 of 'XSpi_Transfer' differ in signedness [-Wpointer-sign]
     XSpi_Transfer(&SpiInstance, setPullupsB, readBuffer, BUFFER_SIZE);
                                 ^~~~~~~~~~~
In file included from ../src/MCP23S17.h:8,
                 from ../src/helloworld.c:45:
../../Impedance_AD5933_bsp/ps7_cortexa9_0/include/xspi.h:822:5: note: expected 'u8 *' {aka 'unsigned char *'} but argument is of type 'char *'
 int XSpi_Transfer(XSpi *InstancePtr, u8 *SendBufPtr, u8 *RecvBufPtr,
     ^~~~~~~~~~~~~
../src/helloworld.c:93:46: warning: pointer targets in passing argument 3 of 'XSpi_Transfer' differ in signedness [-Wpointer-sign]
     XSpi_Transfer(&SpiInstance, setPullupsB, readBuffer, BUFFER_SIZE);
                                              ^~~~~~~~~~
In file included from ../src/MCP23S17.h:8,
                 from ../src/helloworld.c:45:
../../Impedance_AD5933_bsp/ps7_cortexa9_0/include/xspi.h:822:5: note: expected 'u8 *' {aka 'unsigned char *'} but argument is of type 'char *'
 int XSpi_Transfer(XSpi *InstancePtr, u8 *SendBufPtr, u8 *RecvBufPtr,
     ^~~~~~~~~~~~~
../src/helloworld.c:105:30: warning: pointer targets in passing argument 2 of 'XSpi_Transfer' differ in signedness [-Wpointer-sign]
  XSpi_Transfer(&SpiInstance, arrayGPB, readBuffer, BUFFER_SIZE);
                              ^~~~~~~~
In file included from ../src/MCP23S17.h:8,
                 from ../src/helloworld.c:45:
../../Impedance_AD5933_bsp/ps7_cortexa9_0/include/xspi.h:822:5: note: expected 'u8 *' {aka 'unsigned char *'} but argument is of type 'char *'
 int XSpi_Transfer(XSpi *InstancePtr, u8 *SendBufPtr, u8 *RecvBufPtr,
     ^~~~~~~~~~~~~
../src/helloworld.c:105:40: warning: pointer targets in passing argument 3 of 'XSpi_Transfer' differ in signedness [-Wpointer-sign]
  XSpi_Transfer(&SpiInstance, arrayGPB, readBuffer, BUFFER_SIZE);
                                        ^~~~~~~~~~
In file included from ../src/MCP23S17.h:8,
                 from ../src/helloworld.c:45:
../../Impedance_AD5933_bsp/ps7_cortexa9_0/include/xspi.h:822:5: note: expected 'u8 *' {aka 'unsigned char *'} but argument is of type 'char *'
 int XSpi_Transfer(XSpi *InstancePtr, u8 *SendBufPtr, u8 *RecvBufPtr,
     ^~~~~~~~~~~~~
../src/helloworld.c:106:30: warning: pointer targets in passing argument 2 of 'XSpi_Transfer' differ in signedness [-Wpointer-sign]
  XSpi_Transfer(&SpiInstance, arrayGPA, readBuffer, BUFFER_SIZE);
                              ^~~~~~~~
In file included from ../src/MCP23S17.h:8,
                 from ../src/helloworld.c:45:
../../Impedance_AD5933_bsp/ps7_cortexa9_0/include/xspi.h:822:5: note: expected 'u8 *' {aka 'unsigned char *'} but argument is of type 'char *'
 int XSpi_Transfer(XSpi *InstancePtr, u8 *SendBufPtr, u8 *RecvBufPtr,
     ^~~~~~~~~~~~~
../src/helloworld.c:106:40: warning: pointer targets in passing argument 3 of 'XSpi_Transfer' differ in signedness [-Wpointer-sign]
  XSpi_Transfer(&SpiInstance, arrayGPA, readBuffer, BUFFER_SIZE);
                                        ^~~~~~~~~~
In file included from ../src/MCP23S17.h:8,
                 from ../src/helloworld.c:45:
../../Impedance_AD5933_bsp/ps7_cortexa9_0/include/xspi.h:822:5: note: expected 'u8 *' {aka 'unsigned char *'} but argument is of type 'char *'
 int XSpi_Transfer(XSpi *InstancePtr, u8 *SendBufPtr, u8 *RecvBufPtr,
     ^~~~~~~~~~~~~
In file included from ../../Impedance_AD5933_bsp/ps7_cortexa9_0/include/xiic.h:323,
                 from ../src/AD5933.h:51,
                 from ../src/helloworld.c:44:
../src/helloworld.c: In function 'startGPIOPS':
../../Impedance_AD5933_bsp/ps7_cortexa9_0/include/xstatus.h:61:41: warning: 'return' with a value, in function returning void
 #define XST_FAILURE                     1L
                                         ^~
../src/helloworld.c:154:10: note: in expansion of macro 'XST_FAILURE'
   return XST_FAILURE;
          ^~~~~~~~~~~
../src/helloworld.c:142:6: note: declared here
 void startGPIOPS()
      ^~~~~~~~~~~
'Finished building: ../src/helloworld.c'
' '
'Building target: Impedance_AD5933.elf'
'Invoking: ARM v7 gcc linker'
arm-none-eabi-gcc -mcpu=cortex-a9 -mfpu=vfpv3 -mfloat-abi=hard -Wl,-build-id=none -specs=Xilinx.spec -Wl,-T -Wl,../src/lscript.ld -L../../Impedance_AD5933_bsp/ps7_cortexa9_0/lib -o "Impedance_AD5933.elf"  ./src/AD5933.o ./src/MCP23S17.o ./src/helloworld.o ./src/platform.o   -lm -Wl,--start-group,-lxil,-lgcc,-lc,--end-group
'Finished building target: Impedance_AD5933.elf'
' '
'Invoking: ARM v7 Print Size'
arm-none-eabi-size Impedance_AD5933.elf  |tee "Impedance_AD5933.elf.size"
   text	   data	    bss	    dec	    hex	filename
  78832	   2624	 197248	 278704	  440b0	Impedance_AD5933.elf
'Finished building: Impedance_AD5933.elf.size'
' '
16:19:51 **** Incremental Build of configuration Debug for project Impedance_AD5933 ****
make pre-build main-build 
a9-linaro-pre-build-step
' '
'Building file: ../src/AD5933.c'
'Invoking: ARM v7 gcc compiler'
arm-none-eabi-gcc -Wall -O0 -g3 -c -fmessage-length=0 -MT"src/AD5933.o" -mcpu=cortex-a9 -mfpu=vfpv3 -mfloat-abi=hard -I../../Impedance_AD5933_bsp/ps7_cortexa9_0/include -MMD -MP -MF"src/AD5933.d" -MT"src/AD5933.o" -o "src/AD5933.o" "../src/AD5933.c"
../src/AD5933.c: In function 'AD5933_StartSweep':
../src/AD5933.c:197:16: warning: unused variable 'imgData' [-Wunused-variable]
  int realData, imgData = 0;
                ^~~~~~~
../src/AD5933.c:197:6: warning: unused variable 'realData' [-Wunused-variable]
  int realData, imgData = 0;
      ^~~~~~~~
../src/AD5933.c: In function 'AD5933_CalculateImpedance':
../src/AD5933.c:287:23: warning: unused variable 'frequen' [-Wunused-variable]
  int          status, frequen = 0;
                       ^~~~~~~
In file included from ../src/AD5933.c:5:
At top level:
../src/MCP23S17.h:17:13: warning: 'SpiInstance' defined but not used [-Wunused-variable]
 static XSpi SpiInstance;
             ^~~~~~~~~~~
'Finished building: ../src/AD5933.c'
' '
'Building file: ../src/MCP23S17.c'
'Invoking: ARM v7 gcc compiler'
arm-none-eabi-gcc -Wall -O0 -g3 -c -fmessage-length=0 -MT"src/MCP23S17.o" -mcpu=cortex-a9 -mfpu=vfpv3 -mfloat-abi=hard -I../../Impedance_AD5933_bsp/ps7_cortexa9_0/include -MMD -MP -MF"src/MCP23S17.d" -MT"src/MCP23S17.o" -o "src/MCP23S17.o" "../src/MCP23S17.c"
../src/MCP23S17.c: In function 'probeMeasureSelect':
../src/MCP23S17.c:311:2: error: too few arguments to function 'portTransfer'
  portTransfer();
  ^~~~~~~~~~~~
In file included from ../src/MCP23S17.c:3:
../src/MCP23S17.h:95:6: note: declared here
 void portTransfer(XSpi* spiPTR);
      ^~~~~~~~~~~~
../src/MCP23S17.c: In function 'portTransfer':
../src/MCP23S17.c:383:16: warning: passing argument 1 of 'XSpi_Transfer' from incompatible pointer type [-Wincompatible-pointer-types]
  XSpi_Transfer(&spiPTR, arrayGPB, readBuffer, BUFFER_SIZE);
                ^~~~~~~
In file included from ../src/MCP23S17.h:8,
                 from ../src/MCP23S17.c:3:
../../Impedance_AD5933_bsp/ps7_cortexa9_0/include/xspi.h:822:25: note: expected 'XSpi *' {aka 'struct <anonymous> *'} but argument is of type 'XSpi **' {aka 'struct <anonymous> **'}
 int XSpi_Transfer(XSpi *InstancePtr, u8 *SendBufPtr, u8 *RecvBufPtr,
                   ~~~~~~^~~~~~~~~~~
../src/MCP23S17.c:383:25: warning: pointer targets in passing argument 2 of 'XSpi_Transfer' differ in signedness [-Wpointer-sign]
  XSpi_Transfer(&spiPTR, arrayGPB, readBuffer, BUFFER_SIZE);
                         ^~~~~~~~
In file included from ../src/MCP23S17.h:8,
                 from ../src/MCP23S17.c:3:
../../Impedance_AD5933_bsp/ps7_cortexa9_0/include/xspi.h:822:5: note: expected 'u8 *' {aka 'unsigned char *'} but argument is of type 'char *'
 int XSpi_Transfer(XSpi *InstancePtr, u8 *SendBufPtr, u8 *RecvBufPtr,
     ^~~~~~~~~~~~~
../src/MCP23S17.c:383:35: warning: pointer targets in passing argument 3 of 'XSpi_Transfer' differ in signedness [-Wpointer-sign]
  XSpi_Transfer(&spiPTR, arrayGPB, readBuffer, BUFFER_SIZE);
                                   ^~~~~~~~~~
In file included from ../src/MCP23S17.h:8,
                 from ../src/MCP23S17.c:3:
../../Impedance_AD5933_bsp/ps7_cortexa9_0/include/xspi.h:822:5: note: expected 'u8 *' {aka 'unsigned char *'} but argument is of type 'char *'
 int XSpi_Transfer(XSpi *InstancePtr, u8 *SendBufPtr, u8 *RecvBufPtr,
     ^~~~~~~~~~~~~
../src/MCP23S17.c:384:16: warning: passing argument 1 of 'XSpi_Transfer' from incompatible pointer type [-Wincompatible-pointer-types]
  XSpi_Transfer(&spiPTR, arrayGPA, readBuffer, BUFFER_SIZE);
                ^~~~~~~
In file included from ../src/MCP23S17.h:8,
                 from ../src/MCP23S17.c:3:
../../Impedance_AD5933_bsp/ps7_cortexa9_0/include/xspi.h:822:25: note: expected 'XSpi *' {aka 'struct <anonymous> *'} but argument is of type 'XSpi **' {aka 'struct <anonymous> **'}
 int XSpi_Transfer(XSpi *InstancePtr, u8 *SendBufPtr, u8 *RecvBufPtr,
                   ~~~~~~^~~~~~~~~~~
../src/MCP23S17.c:384:25: warning: pointer targets in passing argument 2 of 'XSpi_Transfer' differ in signedness [-Wpointer-sign]
  XSpi_Transfer(&spiPTR, arrayGPA, readBuffer, BUFFER_SIZE);
                         ^~~~~~~~
In file included from ../src/MCP23S17.h:8,
                 from ../src/MCP23S17.c:3:
../../Impedance_AD5933_bsp/ps7_cortexa9_0/include/xspi.h:822:5: note: expected 'u8 *' {aka 'unsigned char *'} but argument is of type 'char *'
 int XSpi_Transfer(XSpi *InstancePtr, u8 *SendBufPtr, u8 *RecvBufPtr,
     ^~~~~~~~~~~~~
../src/MCP23S17.c:384:35: warning: pointer targets in passing argument 3 of 'XSpi_Transfer' differ in signedness [-Wpointer-sign]
  XSpi_Transfer(&spiPTR, arrayGPA, readBuffer, BUFFER_SIZE);
                                   ^~~~~~~~~~
In file included from ../src/MCP23S17.h:8,
                 from ../src/MCP23S17.c:3:
../../Impedance_AD5933_bsp/ps7_cortexa9_0/include/xspi.h:822:5: note: expected 'u8 *' {aka 'unsigned char *'} but argument is of type 'char *'
 int XSpi_Transfer(XSpi *InstancePtr, u8 *SendBufPtr, u8 *RecvBufPtr,
     ^~~~~~~~~~~~~
../src/MCP23S17.c:390:16: warning: passing argument 1 of 'XSpi_Transfer' from incompatible pointer type [-Wincompatible-pointer-types]
  XSpi_Transfer(&spiPTR, arrayGPB, readBuffer, BUFFER_SIZE);
                ^~~~~~~
In file included from ../src/MCP23S17.h:8,
                 from ../src/MCP23S17.c:3:
../../Impedance_AD5933_bsp/ps7_cortexa9_0/include/xspi.h:822:25: note: expected 'XSpi *' {aka 'struct <anonymous> *'} but argument is of type 'XSpi **' {aka 'struct <anonymous> **'}
 int XSpi_Transfer(XSpi *InstancePtr, u8 *SendBufPtr, u8 *RecvBufPtr,
                   ~~~~~~^~~~~~~~~~~
../src/MCP23S17.c:390:25: warning: pointer targets in passing argument 2 of 'XSpi_Transfer' differ in signedness [-Wpointer-sign]
  XSpi_Transfer(&spiPTR, arrayGPB, readBuffer, BUFFER_SIZE);
                         ^~~~~~~~
In file included from ../src/MCP23S17.h:8,
                 from ../src/MCP23S17.c:3:
../../Impedance_AD5933_bsp/ps7_cortexa9_0/include/xspi.h:822:5: note: expected 'u8 *' {aka 'unsigned char *'} but argument is of type 'char *'
 int XSpi_Transfer(XSpi *InstancePtr, u8 *SendBufPtr, u8 *RecvBufPtr,
     ^~~~~~~~~~~~~
../src/MCP23S17.c:390:35: warning: pointer targets in passing argument 3 of 'XSpi_Transfer' differ in signedness [-Wpointer-sign]
  XSpi_Transfer(&spiPTR, arrayGPB, readBuffer, BUFFER_SIZE);
                                   ^~~~~~~~~~
In file included from ../src/MCP23S17.h:8,
                 from ../src/MCP23S17.c:3:
../../Impedance_AD5933_bsp/ps7_cortexa9_0/include/xspi.h:822:5: note: expected 'u8 *' {aka 'unsigned char *'} but argument is of type 'char *'
 int XSpi_Transfer(XSpi *InstancePtr, u8 *SendBufPtr, u8 *RecvBufPtr,
     ^~~~~~~~~~~~~
../src/MCP23S17.c:391:16: warning: passing argument 1 of 'XSpi_Transfer' from incompatible pointer type [-Wincompatible-pointer-types]
  XSpi_Transfer(&spiPTR, arrayGPA, readBuffer, BUFFER_SIZE);
                ^~~~~~~
In file included from ../src/MCP23S17.h:8,
                 from ../src/MCP23S17.c:3:
../../Impedance_AD5933_bsp/ps7_cortexa9_0/include/xspi.h:822:25: note: expected 'XSpi *' {aka 'struct <anonymous> *'} but argument is of type 'XSpi **' {aka 'struct <anonymous> **'}
 int XSpi_Transfer(XSpi *InstancePtr, u8 *SendBufPtr, u8 *RecvBufPtr,
                   ~~~~~~^~~~~~~~~~~
../src/MCP23S17.c:391:25: warning: pointer targets in passing argument 2 of 'XSpi_Transfer' differ in signedness [-Wpointer-sign]
  XSpi_Transfer(&spiPTR, arrayGPA, readBuffer, BUFFER_SIZE);
                         ^~~~~~~~
In file included from ../src/MCP23S17.h:8,
                 from ../src/MCP23S17.c:3:
../../Impedance_AD5933_bsp/ps7_cortexa9_0/include/xspi.h:822:5: note: expected 'u8 *' {aka 'unsigned char *'} but argument is of type 'char *'
 int XSpi_Transfer(XSpi *InstancePtr, u8 *SendBufPtr, u8 *RecvBufPtr,
     ^~~~~~~~~~~~~
../src/MCP23S17.c:391:35: warning: pointer targets in passing argument 3 of 'XSpi_Transfer' differ in signedness [-Wpointer-sign]
  XSpi_Transfer(&spiPTR, arrayGPA, readBuffer, BUFFER_SIZE);
                                   ^~~~~~~~~~
In file included from ../src/MCP23S17.h:8,
                 from ../src/MCP23S17.c:3:
../../Impedance_AD5933_bsp/ps7_cortexa9_0/include/xspi.h:822:5: note: expected 'u8 *' {aka 'unsigned char *'} but argument is of type 'char *'
 int XSpi_Transfer(XSpi *InstancePtr, u8 *SendBufPtr, u8 *RecvBufPtr,
     ^~~~~~~~~~~~~
make: *** [src/subdir.mk:32: src/MCP23S17.o] Error 1
16:20:04 **** Incremental Build of configuration Debug for project Impedance_AD5933 ****
make pre-build main-build 
a9-linaro-pre-build-step
' '
'Building file: ../src/MCP23S17.c'
'Invoking: ARM v7 gcc compiler'
arm-none-eabi-gcc -Wall -O0 -g3 -c -fmessage-length=0 -MT"src/MCP23S17.o" -mcpu=cortex-a9 -mfpu=vfpv3 -mfloat-abi=hard -I../../Impedance_AD5933_bsp/ps7_cortexa9_0/include -MMD -MP -MF"src/MCP23S17.d" -MT"src/MCP23S17.o" -o "src/MCP23S17.o" "../src/MCP23S17.c"
../src/MCP23S17.c: In function 'portTransfer':
../src/MCP23S17.c:383:16: warning: passing argument 1 of 'XSpi_Transfer' from incompatible pointer type [-Wincompatible-pointer-types]
  XSpi_Transfer(&spiPTR, arrayGPB, readBuffer, BUFFER_SIZE);
                ^~~~~~~
In file included from ../src/MCP23S17.h:8,
                 from ../src/MCP23S17.c:3:
../../Impedance_AD5933_bsp/ps7_cortexa9_0/include/xspi.h:822:25: note: expected 'XSpi *' {aka 'struct <anonymous> *'} but argument is of type 'XSpi **' {aka 'struct <anonymous> **'}
 int XSpi_Transfer(XSpi *InstancePtr, u8 *SendBufPtr, u8 *RecvBufPtr,
                   ~~~~~~^~~~~~~~~~~
../src/MCP23S17.c:383:25: warning: pointer targets in passing argument 2 of 'XSpi_Transfer' differ in signedness [-Wpointer-sign]
  XSpi_Transfer(&spiPTR, arrayGPB, readBuffer, BUFFER_SIZE);
                         ^~~~~~~~
In file included from ../src/MCP23S17.h:8,
                 from ../src/MCP23S17.c:3:
../../Impedance_AD5933_bsp/ps7_cortexa9_0/include/xspi.h:822:5: note: expected 'u8 *' {aka 'unsigned char *'} but argument is of type 'char *'
 int XSpi_Transfer(XSpi *InstancePtr, u8 *SendBufPtr, u8 *RecvBufPtr,
     ^~~~~~~~~~~~~
../src/MCP23S17.c:383:35: warning: pointer targets in passing argument 3 of 'XSpi_Transfer' differ in signedness [-Wpointer-sign]
  XSpi_Transfer(&spiPTR, arrayGPB, readBuffer, BUFFER_SIZE);
                                   ^~~~~~~~~~
In file included from ../src/MCP23S17.h:8,
                 from ../src/MCP23S17.c:3:
../../Impedance_AD5933_bsp/ps7_cortexa9_0/include/xspi.h:822:5: note: expected 'u8 *' {aka 'unsigned char *'} but argument is of type 'char *'
 int XSpi_Transfer(XSpi *InstancePtr, u8 *SendBufPtr, u8 *RecvBufPtr,
     ^~~~~~~~~~~~~
../src/MCP23S17.c:384:16: warning: passing argument 1 of 'XSpi_Transfer' from incompatible pointer type [-Wincompatible-pointer-types]
  XSpi_Transfer(&spiPTR, arrayGPA, readBuffer, BUFFER_SIZE);
                ^~~~~~~
In file included from ../src/MCP23S17.h:8,
                 from ../src/MCP23S17.c:3:
../../Impedance_AD5933_bsp/ps7_cortexa9_0/include/xspi.h:822:25: note: expected 'XSpi *' {aka 'struct <anonymous> *'} but argument is of type 'XSpi **' {aka 'struct <anonymous> **'}
 int XSpi_Transfer(XSpi *InstancePtr, u8 *SendBufPtr, u8 *RecvBufPtr,
                   ~~~~~~^~~~~~~~~~~
../src/MCP23S17.c:384:25: warning: pointer targets in passing argument 2 of 'XSpi_Transfer' differ in signedness [-Wpointer-sign]
  XSpi_Transfer(&spiPTR, arrayGPA, readBuffer, BUFFER_SIZE);
                         ^~~~~~~~
In file included from ../src/MCP23S17.h:8,
                 from ../src/MCP23S17.c:3:
../../Impedance_AD5933_bsp/ps7_cortexa9_0/include/xspi.h:822:5: note: expected 'u8 *' {aka 'unsigned char *'} but argument is of type 'char *'
 int XSpi_Transfer(XSpi *InstancePtr, u8 *SendBufPtr, u8 *RecvBufPtr,
     ^~~~~~~~~~~~~
../src/MCP23S17.c:384:35: warning: pointer targets in passing argument 3 of 'XSpi_Transfer' differ in signedness [-Wpointer-sign]
  XSpi_Transfer(&spiPTR, arrayGPA, readBuffer, BUFFER_SIZE);
                                   ^~~~~~~~~~
In file included from ../src/MCP23S17.h:8,
                 from ../src/MCP23S17.c:3:
../../Impedance_AD5933_bsp/ps7_cortexa9_0/include/xspi.h:822:5: note: expected 'u8 *' {aka 'unsigned char *'} but argument is of type 'char *'
 int XSpi_Transfer(XSpi *InstancePtr, u8 *SendBufPtr, u8 *RecvBufPtr,
     ^~~~~~~~~~~~~
../src/MCP23S17.c:390:16: warning: passing argument 1 of 'XSpi_Transfer' from incompatible pointer type [-Wincompatible-pointer-types]
  XSpi_Transfer(&spiPTR, arrayGPB, readBuffer, BUFFER_SIZE);
                ^~~~~~~
In file included from ../src/MCP23S17.h:8,
                 from ../src/MCP23S17.c:3:
../../Impedance_AD5933_bsp/ps7_cortexa9_0/include/xspi.h:822:25: note: expected 'XSpi *' {aka 'struct <anonymous> *'} but argument is of type 'XSpi **' {aka 'struct <anonymous> **'}
 int XSpi_Transfer(XSpi *InstancePtr, u8 *SendBufPtr, u8 *RecvBufPtr,
                   ~~~~~~^~~~~~~~~~~
../src/MCP23S17.c:390:25: warning: pointer targets in passing argument 2 of 'XSpi_Transfer' differ in signedness [-Wpointer-sign]
  XSpi_Transfer(&spiPTR, arrayGPB, readBuffer, BUFFER_SIZE);
                         ^~~~~~~~
In file included from ../src/MCP23S17.h:8,
                 from ../src/MCP23S17.c:3:
../../Impedance_AD5933_bsp/ps7_cortexa9_0/include/xspi.h:822:5: note: expected 'u8 *' {aka 'unsigned char *'} but argument is of type 'char *'
 int XSpi_Transfer(XSpi *InstancePtr, u8 *SendBufPtr, u8 *RecvBufPtr,
     ^~~~~~~~~~~~~
../src/MCP23S17.c:390:35: warning: pointer targets in passing argument 3 of 'XSpi_Transfer' differ in signedness [-Wpointer-sign]
  XSpi_Transfer(&spiPTR, arrayGPB, readBuffer, BUFFER_SIZE);
                                   ^~~~~~~~~~
In file included from ../src/MCP23S17.h:8,
                 from ../src/MCP23S17.c:3:
../../Impedance_AD5933_bsp/ps7_cortexa9_0/include/xspi.h:822:5: note: expected 'u8 *' {aka 'unsigned char *'} but argument is of type 'char *'
 int XSpi_Transfer(XSpi *InstancePtr, u8 *SendBufPtr, u8 *RecvBufPtr,
     ^~~~~~~~~~~~~
../src/MCP23S17.c:391:16: warning: passing argument 1 of 'XSpi_Transfer' from incompatible pointer type [-Wincompatible-pointer-types]
  XSpi_Transfer(&spiPTR, arrayGPA, readBuffer, BUFFER_SIZE);
                ^~~~~~~
In file included from ../src/MCP23S17.h:8,
                 from ../src/MCP23S17.c:3:
../../Impedance_AD5933_bsp/ps7_cortexa9_0/include/xspi.h:822:25: note: expected 'XSpi *' {aka 'struct <anonymous> *'} but argument is of type 'XSpi **' {aka 'struct <anonymous> **'}
 int XSpi_Transfer(XSpi *InstancePtr, u8 *SendBufPtr, u8 *RecvBufPtr,
                   ~~~~~~^~~~~~~~~~~
../src/MCP23S17.c:391:25: warning: pointer targets in passing argument 2 of 'XSpi_Transfer' differ in signedness [-Wpointer-sign]
  XSpi_Transfer(&spiPTR, arrayGPA, readBuffer, BUFFER_SIZE);
                         ^~~~~~~~
In file included from ../src/MCP23S17.h:8,
                 from ../src/MCP23S17.c:3:
../../Impedance_AD5933_bsp/ps7_cortexa9_0/include/xspi.h:822:5: note: expected 'u8 *' {aka 'unsigned char *'} but argument is of type 'char *'
 int XSpi_Transfer(XSpi *InstancePtr, u8 *SendBufPtr, u8 *RecvBufPtr,
     ^~~~~~~~~~~~~
../src/MCP23S17.c:391:35: warning: pointer targets in passing argument 3 of 'XSpi_Transfer' differ in signedness [-Wpointer-sign]
  XSpi_Transfer(&spiPTR, arrayGPA, readBuffer, BUFFER_SIZE);
                                   ^~~~~~~~~~
In file included from ../src/MCP23S17.h:8,
                 from ../src/MCP23S17.c:3:
../../Impedance_AD5933_bsp/ps7_cortexa9_0/include/xspi.h:822:5: note: expected 'u8 *' {aka 'unsigned char *'} but argument is of type 'char *'
 int XSpi_Transfer(XSpi *InstancePtr, u8 *SendBufPtr, u8 *RecvBufPtr,
     ^~~~~~~~~~~~~
'Finished building: ../src/MCP23S17.c'
' '
'Building file: ../src/helloworld.c'
'Invoking: ARM v7 gcc compiler'
arm-none-eabi-gcc -Wall -O0 -g3 -c -fmessage-length=0 -MT"src/helloworld.o" -mcpu=cortex-a9 -mfpu=vfpv3 -mfloat-abi=hard -I../../Impedance_AD5933_bsp/ps7_cortexa9_0/include -MMD -MP -MF"src/helloworld.d" -MT"src/helloworld.o" -o "src/helloworld.o" "../src/helloworld.c"
../src/helloworld.c: In function 'main':
../src/helloworld.c:77:33: warning: pointer targets in passing argument 2 of 'XSpi_Transfer' differ in signedness [-Wpointer-sign]
     XSpi_Transfer(&SpiInstance, setConfig, readBuffer, BUFFER_SIZE);
                                 ^~~~~~~~~
In file included from ../src/MCP23S17.h:8,
                 from ../src/helloworld.c:45:
../../Impedance_AD5933_bsp/ps7_cortexa9_0/include/xspi.h:822:5: note: expected 'u8 *' {aka 'unsigned char *'} but argument is of type 'char *'
 int XSpi_Transfer(XSpi *InstancePtr, u8 *SendBufPtr, u8 *RecvBufPtr,
     ^~~~~~~~~~~~~
../src/helloworld.c:77:44: warning: pointer targets in passing argument 3 of 'XSpi_Transfer' differ in signedness [-Wpointer-sign]
     XSpi_Transfer(&SpiInstance, setConfig, readBuffer, BUFFER_SIZE);
                                            ^~~~~~~~~~
In file included from ../src/MCP23S17.h:8,
                 from ../src/helloworld.c:45:
../../Impedance_AD5933_bsp/ps7_cortexa9_0/include/xspi.h:822:5: note: expected 'u8 *' {aka 'unsigned char *'} but argument is of type 'char *'
 int XSpi_Transfer(XSpi *InstancePtr, u8 *SendBufPtr, u8 *RecvBufPtr,
     ^~~~~~~~~~~~~
../src/helloworld.c:83:33: warning: pointer targets in passing argument 2 of 'XSpi_Transfer' differ in signedness [-Wpointer-sign]
     XSpi_Transfer(&SpiInstance, setDirections, readBuffer, BUFFER_SIZE);
                                 ^~~~~~~~~~~~~
In file included from ../src/MCP23S17.h:8,
                 from ../src/helloworld.c:45:
../../Impedance_AD5933_bsp/ps7_cortexa9_0/include/xspi.h:822:5: note: expected 'u8 *' {aka 'unsigned char *'} but argument is of type 'char *'
 int XSpi_Transfer(XSpi *InstancePtr, u8 *SendBufPtr, u8 *RecvBufPtr,
     ^~~~~~~~~~~~~
../src/helloworld.c:83:48: warning: pointer targets in passing argument 3 of 'XSpi_Transfer' differ in signedness [-Wpointer-sign]
     XSpi_Transfer(&SpiInstance, setDirections, readBuffer, BUFFER_SIZE);
                                                ^~~~~~~~~~
In file included from ../src/MCP23S17.h:8,
                 from ../src/helloworld.c:45:
../../Impedance_AD5933_bsp/ps7_cortexa9_0/include/xspi.h:822:5: note: expected 'u8 *' {aka 'unsigned char *'} but argument is of type 'char *'
 int XSpi_Transfer(XSpi *InstancePtr, u8 *SendBufPtr, u8 *RecvBufPtr,
     ^~~~~~~~~~~~~
../src/helloworld.c:85:33: warning: pointer targets in passing argument 2 of 'XSpi_Transfer' differ in signedness [-Wpointer-sign]
     XSpi_Transfer(&SpiInstance, setDirections, readBuffer, BUFFER_SIZE);
                                 ^~~~~~~~~~~~~
In file included from ../src/MCP23S17.h:8,
                 from ../src/helloworld.c:45:
../../Impedance_AD5933_bsp/ps7_cortexa9_0/include/xspi.h:822:5: note: expected 'u8 *' {aka 'unsigned char *'} but argument is of type 'char *'
 int XSpi_Transfer(XSpi *InstancePtr, u8 *SendBufPtr, u8 *RecvBufPtr,
     ^~~~~~~~~~~~~
../src/helloworld.c:85:48: warning: pointer targets in passing argument 3 of 'XSpi_Transfer' differ in signedness [-Wpointer-sign]
     XSpi_Transfer(&SpiInstance, setDirections, readBuffer, BUFFER_SIZE);
                                                ^~~~~~~~~~
In file included from ../src/MCP23S17.h:8,
                 from ../src/helloworld.c:45:
../../Impedance_AD5933_bsp/ps7_cortexa9_0/include/xspi.h:822:5: note: expected 'u8 *' {aka 'unsigned char *'} but argument is of type 'char *'
 int XSpi_Transfer(XSpi *InstancePtr, u8 *SendBufPtr, u8 *RecvBufPtr,
     ^~~~~~~~~~~~~
../src/helloworld.c:91:33: warning: pointer targets in passing argument 2 of 'XSpi_Transfer' differ in signedness [-Wpointer-sign]
     XSpi_Transfer(&SpiInstance, setPullupsB, readBuffer, BUFFER_SIZE);
                                 ^~~~~~~~~~~
In file included from ../src/MCP23S17.h:8,
                 from ../src/helloworld.c:45:
../../Impedance_AD5933_bsp/ps7_cortexa9_0/include/xspi.h:822:5: note: expected 'u8 *' {aka 'unsigned char *'} but argument is of type 'char *'
 int XSpi_Transfer(XSpi *InstancePtr, u8 *SendBufPtr, u8 *RecvBufPtr,
     ^~~~~~~~~~~~~
../src/helloworld.c:91:46: warning: pointer targets in passing argument 3 of 'XSpi_Transfer' differ in signedness [-Wpointer-sign]
     XSpi_Transfer(&SpiInstance, setPullupsB, readBuffer, BUFFER_SIZE);
                                              ^~~~~~~~~~
In file included from ../src/MCP23S17.h:8,
                 from ../src/helloworld.c:45:
../../Impedance_AD5933_bsp/ps7_cortexa9_0/include/xspi.h:822:5: note: expected 'u8 *' {aka 'unsigned char *'} but argument is of type 'char *'
 int XSpi_Transfer(XSpi *InstancePtr, u8 *SendBufPtr, u8 *RecvBufPtr,
     ^~~~~~~~~~~~~
../src/helloworld.c:93:33: warning: pointer targets in passing argument 2 of 'XSpi_Transfer' differ in signedness [-Wpointer-sign]
     XSpi_Transfer(&SpiInstance, setPullupsB, readBuffer, BUFFER_SIZE);
                                 ^~~~~~~~~~~
In file included from ../src/MCP23S17.h:8,
                 from ../src/helloworld.c:45:
../../Impedance_AD5933_bsp/ps7_cortexa9_0/include/xspi.h:822:5: note: expected 'u8 *' {aka 'unsigned char *'} but argument is of type 'char *'
 int XSpi_Transfer(XSpi *InstancePtr, u8 *SendBufPtr, u8 *RecvBufPtr,
     ^~~~~~~~~~~~~
../src/helloworld.c:93:46: warning: pointer targets in passing argument 3 of 'XSpi_Transfer' differ in signedness [-Wpointer-sign]
     XSpi_Transfer(&SpiInstance, setPullupsB, readBuffer, BUFFER_SIZE);
                                              ^~~~~~~~~~
In file included from ../src/MCP23S17.h:8,
                 from ../src/helloworld.c:45:
../../Impedance_AD5933_bsp/ps7_cortexa9_0/include/xspi.h:822:5: note: expected 'u8 *' {aka 'unsigned char *'} but argument is of type 'char *'
 int XSpi_Transfer(XSpi *InstancePtr, u8 *SendBufPtr, u8 *RecvBufPtr,
     ^~~~~~~~~~~~~
In file included from ../../Impedance_AD5933_bsp/ps7_cortexa9_0/include/xiic.h:323,
                 from ../src/AD5933.h:51,
                 from ../src/helloworld.c:44:
../src/helloworld.c: In function 'startGPIOPS':
../../Impedance_AD5933_bsp/ps7_cortexa9_0/include/xstatus.h:61:41: warning: 'return' with a value, in function returning void
 #define XST_FAILURE                     1L
                                         ^~
../src/helloworld.c:141:10: note: in expansion of macro 'XST_FAILURE'
   return XST_FAILURE;
          ^~~~~~~~~~~
../src/helloworld.c:129:6: note: declared here
 void startGPIOPS()
      ^~~~~~~~~~~
'Finished building: ../src/helloworld.c'
' '
'Building target: Impedance_AD5933.elf'
'Invoking: ARM v7 gcc linker'
arm-none-eabi-gcc -mcpu=cortex-a9 -mfpu=vfpv3 -mfloat-abi=hard -Wl,-build-id=none -specs=Xilinx.spec -Wl,-T -Wl,../src/lscript.ld -L../../Impedance_AD5933_bsp/ps7_cortexa9_0/lib -o "Impedance_AD5933.elf"  ./src/AD5933.o ./src/MCP23S17.o ./src/helloworld.o ./src/platform.o   -lm -Wl,--start-group,-lxil,-lgcc,-lc,--end-group
'Finished building target: Impedance_AD5933.elf'
' '
'Invoking: ARM v7 Print Size'
arm-none-eabi-size Impedance_AD5933.elf  |tee "Impedance_AD5933.elf.size"
   text	   data	    bss	    dec	    hex	filename
  78640	   2624	 197248	 278512	  43ff0	Impedance_AD5933.elf
'Finished building: Impedance_AD5933.elf.size'
' '
16:21:24 **** Incremental Build of configuration Debug for project Impedance_AD5933 ****
make pre-build main-build 
a9-linaro-pre-build-step
' '
'Building file: ../src/AD5933.c'
'Invoking: ARM v7 gcc compiler'
arm-none-eabi-gcc -Wall -O0 -g3 -c -fmessage-length=0 -MT"src/AD5933.o" -mcpu=cortex-a9 -mfpu=vfpv3 -mfloat-abi=hard -I../../Impedance_AD5933_bsp/ps7_cortexa9_0/include -MMD -MP -MF"src/AD5933.d" -MT"src/AD5933.o" -o "src/AD5933.o" "../src/AD5933.c"
../src/AD5933.c: In function 'AD5933_StartSweep':
../src/AD5933.c:197:16: warning: unused variable 'imgData' [-Wunused-variable]
  int realData, imgData = 0;
                ^~~~~~~
../src/AD5933.c:197:6: warning: unused variable 'realData' [-Wunused-variable]
  int realData, imgData = 0;
      ^~~~~~~~
../src/AD5933.c: In function 'AD5933_CalculateImpedance':
../src/AD5933.c:287:23: warning: unused variable 'frequen' [-Wunused-variable]
  int          status, frequen = 0;
                       ^~~~~~~
In file included from ../src/AD5933.c:5:
At top level:
../src/MCP23S17.h:17:13: warning: 'SpiInstance' defined but not used [-Wunused-variable]
 static XSpi SpiInstance;
             ^~~~~~~~~~~
'Finished building: ../src/AD5933.c'
' '
'Building file: ../src/MCP23S17.c'
'Invoking: ARM v7 gcc compiler'
arm-none-eabi-gcc -Wall -O0 -g3 -c -fmessage-length=0 -MT"src/MCP23S17.o" -mcpu=cortex-a9 -mfpu=vfpv3 -mfloat-abi=hard -I../../Impedance_AD5933_bsp/ps7_cortexa9_0/include -MMD -MP -MF"src/MCP23S17.d" -MT"src/MCP23S17.o" -o "src/MCP23S17.o" "../src/MCP23S17.c"
../src/MCP23S17.c: In function 'portTransfer':
../src/MCP23S17.c:383:30: warning: pointer targets in passing argument 2 of 'XSpi_Transfer' differ in signedness [-Wpointer-sign]
  XSpi_Transfer(&SpiInstance, arrayGPB, readBuffer, BUFFER_SIZE);
                              ^~~~~~~~
In file included from ../src/MCP23S17.h:8,
                 from ../src/MCP23S17.c:3:
../../Impedance_AD5933_bsp/ps7_cortexa9_0/include/xspi.h:822:5: note: expected 'u8 *' {aka 'unsigned char *'} but argument is of type 'char *'
 int XSpi_Transfer(XSpi *InstancePtr, u8 *SendBufPtr, u8 *RecvBufPtr,
     ^~~~~~~~~~~~~
../src/MCP23S17.c:383:40: warning: pointer targets in passing argument 3 of 'XSpi_Transfer' differ in signedness [-Wpointer-sign]
  XSpi_Transfer(&SpiInstance, arrayGPB, readBuffer, BUFFER_SIZE);
                                        ^~~~~~~~~~
In file included from ../src/MCP23S17.h:8,
                 from ../src/MCP23S17.c:3:
../../Impedance_AD5933_bsp/ps7_cortexa9_0/include/xspi.h:822:5: note: expected 'u8 *' {aka 'unsigned char *'} but argument is of type 'char *'
 int XSpi_Transfer(XSpi *InstancePtr, u8 *SendBufPtr, u8 *RecvBufPtr,
     ^~~~~~~~~~~~~
../src/MCP23S17.c:384:30: warning: pointer targets in passing argument 2 of 'XSpi_Transfer' differ in signedness [-Wpointer-sign]
  XSpi_Transfer(&SpiInstance, arrayGPA, readBuffer, BUFFER_SIZE);
                              ^~~~~~~~
In file included from ../src/MCP23S17.h:8,
                 from ../src/MCP23S17.c:3:
../../Impedance_AD5933_bsp/ps7_cortexa9_0/include/xspi.h:822:5: note: expected 'u8 *' {aka 'unsigned char *'} but argument is of type 'char *'
 int XSpi_Transfer(XSpi *InstancePtr, u8 *SendBufPtr, u8 *RecvBufPtr,
     ^~~~~~~~~~~~~
../src/MCP23S17.c:384:40: warning: pointer targets in passing argument 3 of 'XSpi_Transfer' differ in signedness [-Wpointer-sign]
  XSpi_Transfer(&SpiInstance, arrayGPA, readBuffer, BUFFER_SIZE);
                                        ^~~~~~~~~~
In file included from ../src/MCP23S17.h:8,
                 from ../src/MCP23S17.c:3:
../../Impedance_AD5933_bsp/ps7_cortexa9_0/include/xspi.h:822:5: note: expected 'u8 *' {aka 'unsigned char *'} but argument is of type 'char *'
 int XSpi_Transfer(XSpi *InstancePtr, u8 *SendBufPtr, u8 *RecvBufPtr,
     ^~~~~~~~~~~~~
../src/MCP23S17.c:390:30: warning: pointer targets in passing argument 2 of 'XSpi_Transfer' differ in signedness [-Wpointer-sign]
  XSpi_Transfer(&SpiInstance, arrayGPB, readBuffer, BUFFER_SIZE);
                              ^~~~~~~~
In file included from ../src/MCP23S17.h:8,
                 from ../src/MCP23S17.c:3:
../../Impedance_AD5933_bsp/ps7_cortexa9_0/include/xspi.h:822:5: note: expected 'u8 *' {aka 'unsigned char *'} but argument is of type 'char *'
 int XSpi_Transfer(XSpi *InstancePtr, u8 *SendBufPtr, u8 *RecvBufPtr,
     ^~~~~~~~~~~~~
../src/MCP23S17.c:390:40: warning: pointer targets in passing argument 3 of 'XSpi_Transfer' differ in signedness [-Wpointer-sign]
  XSpi_Transfer(&SpiInstance, arrayGPB, readBuffer, BUFFER_SIZE);
                                        ^~~~~~~~~~
In file included from ../src/MCP23S17.h:8,
                 from ../src/MCP23S17.c:3:
../../Impedance_AD5933_bsp/ps7_cortexa9_0/include/xspi.h:822:5: note: expected 'u8 *' {aka 'unsigned char *'} but argument is of type 'char *'
 int XSpi_Transfer(XSpi *InstancePtr, u8 *SendBufPtr, u8 *RecvBufPtr,
     ^~~~~~~~~~~~~
../src/MCP23S17.c:391:30: warning: pointer targets in passing argument 2 of 'XSpi_Transfer' differ in signedness [-Wpointer-sign]
  XSpi_Transfer(&SpiInstance, arrayGPA, readBuffer, BUFFER_SIZE);
                              ^~~~~~~~
In file included from ../src/MCP23S17.h:8,
                 from ../src/MCP23S17.c:3:
../../Impedance_AD5933_bsp/ps7_cortexa9_0/include/xspi.h:822:5: note: expected 'u8 *' {aka 'unsigned char *'} but argument is of type 'char *'
 int XSpi_Transfer(XSpi *InstancePtr, u8 *SendBufPtr, u8 *RecvBufPtr,
     ^~~~~~~~~~~~~
../src/MCP23S17.c:391:40: warning: pointer targets in passing argument 3 of 'XSpi_Transfer' differ in signedness [-Wpointer-sign]
  XSpi_Transfer(&SpiInstance, arrayGPA, readBuffer, BUFFER_SIZE);
                                        ^~~~~~~~~~
In file included from ../src/MCP23S17.h:8,
                 from ../src/MCP23S17.c:3:
../../Impedance_AD5933_bsp/ps7_cortexa9_0/include/xspi.h:822:5: note: expected 'u8 *' {aka 'unsigned char *'} but argument is of type 'char *'
 int XSpi_Transfer(XSpi *InstancePtr, u8 *SendBufPtr, u8 *RecvBufPtr,
     ^~~~~~~~~~~~~
'Finished building: ../src/MCP23S17.c'
' '
'Building file: ../src/helloworld.c'
'Invoking: ARM v7 gcc compiler'
arm-none-eabi-gcc -Wall -O0 -g3 -c -fmessage-length=0 -MT"src/helloworld.o" -mcpu=cortex-a9 -mfpu=vfpv3 -mfloat-abi=hard -I../../Impedance_AD5933_bsp/ps7_cortexa9_0/include -MMD -MP -MF"src/helloworld.d" -MT"src/helloworld.o" -o "src/helloworld.o" "../src/helloworld.c"
../src/helloworld.c: In function 'main':
../src/helloworld.c:77:33: warning: pointer targets in passing argument 2 of 'XSpi_Transfer' differ in signedness [-Wpointer-sign]
     XSpi_Transfer(&SpiInstance, setConfig, readBuffer, BUFFER_SIZE);
                                 ^~~~~~~~~
In file included from ../src/MCP23S17.h:8,
                 from ../src/helloworld.c:45:
../../Impedance_AD5933_bsp/ps7_cortexa9_0/include/xspi.h:822:5: note: expected 'u8 *' {aka 'unsigned char *'} but argument is of type 'char *'
 int XSpi_Transfer(XSpi *InstancePtr, u8 *SendBufPtr, u8 *RecvBufPtr,
     ^~~~~~~~~~~~~
../src/helloworld.c:77:44: warning: pointer targets in passing argument 3 of 'XSpi_Transfer' differ in signedness [-Wpointer-sign]
     XSpi_Transfer(&SpiInstance, setConfig, readBuffer, BUFFER_SIZE);
                                            ^~~~~~~~~~
In file included from ../src/MCP23S17.h:8,
                 from ../src/helloworld.c:45:
../../Impedance_AD5933_bsp/ps7_cortexa9_0/include/xspi.h:822:5: note: expected 'u8 *' {aka 'unsigned char *'} but argument is of type 'char *'
 int XSpi_Transfer(XSpi *InstancePtr, u8 *SendBufPtr, u8 *RecvBufPtr,
     ^~~~~~~~~~~~~
../src/helloworld.c:83:33: warning: pointer targets in passing argument 2 of 'XSpi_Transfer' differ in signedness [-Wpointer-sign]
     XSpi_Transfer(&SpiInstance, setDirections, readBuffer, BUFFER_SIZE);
                                 ^~~~~~~~~~~~~
In file included from ../src/MCP23S17.h:8,
                 from ../src/helloworld.c:45:
../../Impedance_AD5933_bsp/ps7_cortexa9_0/include/xspi.h:822:5: note: expected 'u8 *' {aka 'unsigned char *'} but argument is of type 'char *'
 int XSpi_Transfer(XSpi *InstancePtr, u8 *SendBufPtr, u8 *RecvBufPtr,
     ^~~~~~~~~~~~~
../src/helloworld.c:83:48: warning: pointer targets in passing argument 3 of 'XSpi_Transfer' differ in signedness [-Wpointer-sign]
     XSpi_Transfer(&SpiInstance, setDirections, readBuffer, BUFFER_SIZE);
                                                ^~~~~~~~~~
In file included from ../src/MCP23S17.h:8,
                 from ../src/helloworld.c:45:
../../Impedance_AD5933_bsp/ps7_cortexa9_0/include/xspi.h:822:5: note: expected 'u8 *' {aka 'unsigned char *'} but argument is of type 'char *'
 int XSpi_Transfer(XSpi *InstancePtr, u8 *SendBufPtr, u8 *RecvBufPtr,
     ^~~~~~~~~~~~~
../src/helloworld.c:85:33: warning: pointer targets in passing argument 2 of 'XSpi_Transfer' differ in signedness [-Wpointer-sign]
     XSpi_Transfer(&SpiInstance, setDirections, readBuffer, BUFFER_SIZE);
                                 ^~~~~~~~~~~~~
In file included from ../src/MCP23S17.h:8,
                 from ../src/helloworld.c:45:
../../Impedance_AD5933_bsp/ps7_cortexa9_0/include/xspi.h:822:5: note: expected 'u8 *' {aka 'unsigned char *'} but argument is of type 'char *'
 int XSpi_Transfer(XSpi *InstancePtr, u8 *SendBufPtr, u8 *RecvBufPtr,
     ^~~~~~~~~~~~~
../src/helloworld.c:85:48: warning: pointer targets in passing argument 3 of 'XSpi_Transfer' differ in signedness [-Wpointer-sign]
     XSpi_Transfer(&SpiInstance, setDirections, readBuffer, BUFFER_SIZE);
                                                ^~~~~~~~~~
In file included from ../src/MCP23S17.h:8,
                 from ../src/helloworld.c:45:
../../Impedance_AD5933_bsp/ps7_cortexa9_0/include/xspi.h:822:5: note: expected 'u8 *' {aka 'unsigned char *'} but argument is of type 'char *'
 int XSpi_Transfer(XSpi *InstancePtr, u8 *SendBufPtr, u8 *RecvBufPtr,
     ^~~~~~~~~~~~~
../src/helloworld.c:91:33: warning: pointer targets in passing argument 2 of 'XSpi_Transfer' differ in signedness [-Wpointer-sign]
     XSpi_Transfer(&SpiInstance, setPullupsB, readBuffer, BUFFER_SIZE);
                                 ^~~~~~~~~~~
In file included from ../src/MCP23S17.h:8,
                 from ../src/helloworld.c:45:
../../Impedance_AD5933_bsp/ps7_cortexa9_0/include/xspi.h:822:5: note: expected 'u8 *' {aka 'unsigned char *'} but argument is of type 'char *'
[...]
 int XSpi_Transfer(XSpi *InstancePtr, u8 *SendBufPtr, u8 *RecvBufPtr,
     ^~~~~~~~~~~~~
../src/MCP23S17.c:384:16: warning: passing argument 1 of 'XSpi_Transfer' from incompatible pointer type [-Wincompatible-pointer-types]
  XSpi_Transfer(&SpiInstance, arrayGPA, readBuffer, BUFFER_SIZE);
                ^~~~~~~~~~~~
In file included from ../src/MCP23S17.h:8,
                 from ../src/MCP23S17.c:3:
../../Impedance_AD5933_bsp/ps7_cortexa9_0/include/xspi.h:822:25: note: expected 'XSpi *' {aka 'struct <anonymous> *'} but argument is of type 'XSpi **' {aka 'struct <anonymous> **'}
 int XSpi_Transfer(XSpi *InstancePtr, u8 *SendBufPtr, u8 *RecvBufPtr,
                   ~~~~~~^~~~~~~~~~~
../src/MCP23S17.c:384:30: warning: pointer targets in passing argument 2 of 'XSpi_Transfer' differ in signedness [-Wpointer-sign]
  XSpi_Transfer(&SpiInstance, arrayGPA, readBuffer, BUFFER_SIZE);
                              ^~~~~~~~
In file included from ../src/MCP23S17.h:8,
                 from ../src/MCP23S17.c:3:
../../Impedance_AD5933_bsp/ps7_cortexa9_0/include/xspi.h:822:5: note: expected 'u8 *' {aka 'unsigned char *'} but argument is of type 'char *'
 int XSpi_Transfer(XSpi *InstancePtr, u8 *SendBufPtr, u8 *RecvBufPtr,
     ^~~~~~~~~~~~~
../src/MCP23S17.c:384:40: warning: pointer targets in passing argument 3 of 'XSpi_Transfer' differ in signedness [-Wpointer-sign]
  XSpi_Transfer(&SpiInstance, arrayGPA, readBuffer, BUFFER_SIZE);
                                        ^~~~~~~~~~
In file included from ../src/MCP23S17.h:8,
                 from ../src/MCP23S17.c:3:
../../Impedance_AD5933_bsp/ps7_cortexa9_0/include/xspi.h:822:5: note: expected 'u8 *' {aka 'unsigned char *'} but argument is of type 'char *'
 int XSpi_Transfer(XSpi *InstancePtr, u8 *SendBufPtr, u8 *RecvBufPtr,
     ^~~~~~~~~~~~~
../src/MCP23S17.c:390:16: warning: passing argument 1 of 'XSpi_Transfer' from incompatible pointer type [-Wincompatible-pointer-types]
  XSpi_Transfer(&SpiInstance, arrayGPB, readBuffer, BUFFER_SIZE);
                ^~~~~~~~~~~~
In file included from ../src/MCP23S17.h:8,
                 from ../src/MCP23S17.c:3:
../../Impedance_AD5933_bsp/ps7_cortexa9_0/include/xspi.h:822:25: note: expected 'XSpi *' {aka 'struct <anonymous> *'} but argument is of type 'XSpi **' {aka 'struct <anonymous> **'}
 int XSpi_Transfer(XSpi *InstancePtr, u8 *SendBufPtr, u8 *RecvBufPtr,
                   ~~~~~~^~~~~~~~~~~
../src/MCP23S17.c:390:30: warning: pointer targets in passing argument 2 of 'XSpi_Transfer' differ in signedness [-Wpointer-sign]
  XSpi_Transfer(&SpiInstance, arrayGPB, readBuffer, BUFFER_SIZE);
                              ^~~~~~~~
In file included from ../src/MCP23S17.h:8,
                 from ../src/MCP23S17.c:3:
../../Impedance_AD5933_bsp/ps7_cortexa9_0/include/xspi.h:822:5: note: expected 'u8 *' {aka 'unsigned char *'} but argument is of type 'char *'
 int XSpi_Transfer(XSpi *InstancePtr, u8 *SendBufPtr, u8 *RecvBufPtr,
     ^~~~~~~~~~~~~
../src/MCP23S17.c:390:40: warning: pointer targets in passing argument 3 of 'XSpi_Transfer' differ in signedness [-Wpointer-sign]
  XSpi_Transfer(&SpiInstance, arrayGPB, readBuffer, BUFFER_SIZE);
                                        ^~~~~~~~~~
In file included from ../src/MCP23S17.h:8,
                 from ../src/MCP23S17.c:3:
../../Impedance_AD5933_bsp/ps7_cortexa9_0/include/xspi.h:822:5: note: expected 'u8 *' {aka 'unsigned char *'} but argument is of type 'char *'
 int XSpi_Transfer(XSpi *InstancePtr, u8 *SendBufPtr, u8 *RecvBufPtr,
     ^~~~~~~~~~~~~
../src/MCP23S17.c:391:16: warning: passing argument 1 of 'XSpi_Transfer' from incompatible pointer type [-Wincompatible-pointer-types]
  XSpi_Transfer(&SpiInstance, arrayGPA, readBuffer, BUFFER_SIZE);
                ^~~~~~~~~~~~
In file included from ../src/MCP23S17.h:8,
                 from ../src/MCP23S17.c:3:
../../Impedance_AD5933_bsp/ps7_cortexa9_0/include/xspi.h:822:25: note: expected 'XSpi *' {aka 'struct <anonymous> *'} but argument is of type 'XSpi **' {aka 'struct <anonymous> **'}
 int XSpi_Transfer(XSpi *InstancePtr, u8 *SendBufPtr, u8 *RecvBufPtr,
                   ~~~~~~^~~~~~~~~~~
../src/MCP23S17.c:391:30: warning: pointer targets in passing argument 2 of 'XSpi_Transfer' differ in signedness [-Wpointer-sign]
  XSpi_Transfer(&SpiInstance, arrayGPA, readBuffer, BUFFER_SIZE);
                              ^~~~~~~~
In file included from ../src/MCP23S17.h:8,
                 from ../src/MCP23S17.c:3:
../../Impedance_AD5933_bsp/ps7_cortexa9_0/include/xspi.h:822:5: note: expected 'u8 *' {aka 'unsigned char *'} but argument is of type 'char *'
 int XSpi_Transfer(XSpi *InstancePtr, u8 *SendBufPtr, u8 *RecvBufPtr,
     ^~~~~~~~~~~~~
../src/MCP23S17.c:391:40: warning: pointer targets in passing argument 3 of 'XSpi_Transfer' differ in signedness [-Wpointer-sign]
  XSpi_Transfer(&SpiInstance, arrayGPA, readBuffer, BUFFER_SIZE);
                                        ^~~~~~~~~~
In file included from ../src/MCP23S17.h:8,
                 from ../src/MCP23S17.c:3:
../../Impedance_AD5933_bsp/ps7_cortexa9_0/include/xspi.h:822:5: note: expected 'u8 *' {aka 'unsigned char *'} but argument is of type 'char *'
 int XSpi_Transfer(XSpi *InstancePtr, u8 *SendBufPtr, u8 *RecvBufPtr,
     ^~~~~~~~~~~~~
'Finished building: ../src/MCP23S17.c'
' '
'Building file: ../src/helloworld.c'
'Invoking: ARM v7 gcc compiler'
arm-none-eabi-gcc -Wall -O0 -g3 -c -fmessage-length=0 -MT"src/helloworld.o" -mcpu=cortex-a9 -mfpu=vfpv3 -mfloat-abi=hard -I../../Impedance_AD5933_bsp/ps7_cortexa9_0/include -MMD -MP -MF"src/helloworld.d" -MT"src/helloworld.o" -o "src/helloworld.o" "../src/helloworld.c"
../src/helloworld.c: In function 'main':
../src/helloworld.c:68:23: warning: passing argument 1 of 'SPIStart' from incompatible pointer type [-Wincompatible-pointer-types]
     Status = SPIStart(&SpiInstance, SPI_DEVICE_ID);
                       ^~~~~~~~~~~~
In file included from ../src/helloworld.c:45:
../src/MCP23S17.h:100:20: note: expected 'XSpi *' {aka 'struct <anonymous> *'} but argument is of type 'XSpi **' {aka 'struct <anonymous> **'}
 int SPIStart(XSpi* spiPTR, u16 spiID);
              ~~~~~~^~~~~~
../src/helloworld.c:77:19: warning: passing argument 1 of 'XSpi_Transfer' from incompatible pointer type [-Wincompatible-pointer-types]
     XSpi_Transfer(&SpiInstance, setConfig, readBuffer, BUFFER_SIZE);
                   ^~~~~~~~~~~~
In file included from ../src/MCP23S17.h:8,
                 from ../src/helloworld.c:45:
../../Impedance_AD5933_bsp/ps7_cortexa9_0/include/xspi.h:822:25: note: expected 'XSpi *' {aka 'struct <anonymous> *'} but argument is of type 'XSpi **' {aka 'struct <anonymous> **'}
 int XSpi_Transfer(XSpi *InstancePtr, u8 *SendBufPtr, u8 *RecvBufPtr,
                   ~~~~~~^~~~~~~~~~~
../src/helloworld.c:77:33: warning: pointer targets in passing argument 2 of 'XSpi_Transfer' differ in signedness [-Wpointer-sign]
     XSpi_Transfer(&SpiInstance, setConfig, readBuffer, BUFFER_SIZE);
                                 ^~~~~~~~~
In file included from ../src/MCP23S17.h:8,
                 from ../src/helloworld.c:45:
../../Impedance_AD5933_bsp/ps7_cortexa9_0/include/xspi.h:822:5: note: expected 'u8 *' {aka 'unsigned char *'} but argument is of type 'char *'
 int XSpi_Transfer(XSpi *InstancePtr, u8 *SendBufPtr, u8 *RecvBufPtr,
     ^~~~~~~~~~~~~
../src/helloworld.c:77:44: warning: pointer targets in passing argument 3 of 'XSpi_Transfer' differ in signedness [-Wpointer-sign]
     XSpi_Transfer(&SpiInstance, setConfig, readBuffer, BUFFER_SIZE);
                                            ^~~~~~~~~~
In file included from ../src/MCP23S17.h:8,
                 from ../src/helloworld.c:45:
../../Impedance_AD5933_bsp/ps7_cortexa9_0/include/xspi.h:822:5: note: expected 'u8 *' {aka 'unsigned char *'} but argument is of type 'char *'
 int XSpi_Transfer(XSpi *InstancePtr, u8 *SendBufPtr, u8 *RecvBufPtr,
     ^~~~~~~~~~~~~
../src/helloworld.c:83:19: warning: passing argument 1 of 'XSpi_Transfer' from incompatible pointer type [-Wincompatible-pointer-types]
     XSpi_Transfer(&SpiInstance, setDirections, readBuffer, BUFFER_SIZE);
                   ^~~~~~~~~~~~
In file included from ../src/MCP23S17.h:8,
                 from ../src/helloworld.c:45:
../../Impedance_AD5933_bsp/ps7_cortexa9_0/include/xspi.h:822:25: note: expected 'XSpi *' {aka 'struct <anonymous> *'} but argument is of type 'XSpi **' {aka 'struct <anonymous> **'}
 int XSpi_Transfer(XSpi *InstancePtr, u8 *SendBufPtr, u8 *RecvBufPtr,
                   ~~~~~~^~~~~~~~~~~
../src/helloworld.c:83:33: warning: pointer targets in passing argument 2 of 'XSpi_Transfer' differ in signedness [-Wpointer-sign]
     XSpi_Transfer(&SpiInstance, setDirections, readBuffer, BUFFER_SIZE);
                                 ^~~~~~~~~~~~~
In file included from ../src/MCP23S17.h:8,
                 from ../src/helloworld.c:45:
../../Impedance_AD5933_bsp/ps7_cortexa9_0/include/xspi.h:822:5: note: expected 'u8 *' {aka 'unsigned char *'} but argument is of type 'char *'
 int XSpi_Transfer(XSpi *InstancePtr, u8 *SendBufPtr, u8 *RecvBufPtr,
     ^~~~~~~~~~~~~
../src/helloworld.c:83:48: warning: pointer targets in passing argument 3 of 'XSpi_Transfer' differ in signedness [-Wpointer-sign]
     XSpi_Transfer(&SpiInstance, setDirections, readBuffer, BUFFER_SIZE);
                                                ^~~~~~~~~~
In file included from ../src/MCP23S17.h:8,
                 from ../src/helloworld.c:45:
../../Impedance_AD5933_bsp/ps7_cortexa9_0/include/xspi.h:822:5: note: expected 'u8 *' {aka 'unsigned char *'} but argument is of type 'char *'
 int XSpi_Transfer(XSpi *InstancePtr, u8 *SendBufPtr, u8 *RecvBufPtr,
     ^~~~~~~~~~~~~
../src/helloworld.c:85:19: warning: passing argument 1 of 'XSpi_Transfer' from incompatible pointer type [-Wincompatible-pointer-types]
     XSpi_Transfer(&SpiInstance, setDirections, readBuffer, BUFFER_SIZE);
                   ^~~~~~~~~~~~
In file included from ../src/MCP23S17.h:8,
                 from ../src/helloworld.c:45:
../../Impedance_AD5933_bsp/ps7_cortexa9_0/include/xspi.h:822:25: note: expected 'XSpi *' {aka 'struct <anonymous> *'} but argument is of type 'XSpi **' {aka 'struct <anonymous> **'}
 int XSpi_Transfer(XSpi *InstancePtr, u8 *SendBufPtr, u8 *RecvBufPtr,
                   ~~~~~~^~~~~~~~~~~
../src/helloworld.c:85:33: warning: pointer targets in passing argument 2 of 'XSpi_Transfer' differ in signedness [-Wpointer-sign]
     XSpi_Transfer(&SpiInstance, setDirections, readBuffer, BUFFER_SIZE);
                                 ^~~~~~~~~~~~~
In file included from ../src/MCP23S17.h:8,
                 from ../src/helloworld.c:45:
../../Impedance_AD5933_bsp/ps7_cortexa9_0/include/xspi.h:822:5: note: expected 'u8 *' {aka 'unsigned char *'} but argument is of type 'char *'
 int XSpi_Transfer(XSpi *InstancePtr, u8 *SendBufPtr, u8 *RecvBufPtr,
     ^~~~~~~~~~~~~
../src/helloworld.c:85:48: warning: pointer targets in passing argument 3 of 'XSpi_Transfer' differ in signedness [-Wpointer-sign]
     XSpi_Transfer(&SpiInstance, setDirections, readBuffer, BUFFER_SIZE);
                                                ^~~~~~~~~~
In file included from ../src/MCP23S17.h:8,
                 from ../src/helloworld.c:45:
../../Impedance_AD5933_bsp/ps7_cortexa9_0/include/xspi.h:822:5: note: expected 'u8 *' {aka 'unsigned char *'} but argument is of type 'char *'
 int XSpi_Transfer(XSpi *InstancePtr, u8 *SendBufPtr, u8 *RecvBufPtr,
     ^~~~~~~~~~~~~
../src/helloworld.c:91:19: warning: passing argument 1 of 'XSpi_Transfer' from incompatible pointer type [-Wincompatible-pointer-types]
     XSpi_Transfer(&SpiInstance, setPullupsB, readBuffer, BUFFER_SIZE);
                   ^~~~~~~~~~~~
In file included from ../src/MCP23S17.h:8,
                 from ../src/helloworld.c:45:
../../Impedance_AD5933_bsp/ps7_cortexa9_0/include/xspi.h:822:25: note: expected 'XSpi *' {aka 'struct <anonymous> *'} but argument is of type 'XSpi **' {aka 'struct <anonymous> **'}
 int XSpi_Transfer(XSpi *InstancePtr, u8 *SendBufPtr, u8 *RecvBufPtr,
                   ~~~~~~^~~~~~~~~~~
../src/helloworld.c:91:33: warning: pointer targets in passing argument 2 of 'XSpi_Transfer' differ in signedness [-Wpointer-sign]
     XSpi_Transfer(&SpiInstance, setPullupsB, readBuffer, BUFFER_SIZE);
                                 ^~~~~~~~~~~
In file included from ../src/MCP23S17.h:8,
                 from ../src/helloworld.c:45:
../../Impedance_AD5933_bsp/ps7_cortexa9_0/include/xspi.h:822:5: note: expected 'u8 *' {aka 'unsigned char *'} but argument is of type 'char *'
 int XSpi_Transfer(XSpi *InstancePtr, u8 *SendBufPtr, u8 *RecvBufPtr,
     ^~~~~~~~~~~~~
../src/helloworld.c:91:46: warning: pointer targets in passing argument 3 of 'XSpi_Transfer' differ in signedness [-Wpointer-sign]
     XSpi_Transfer(&SpiInstance, setPullupsB, readBuffer, BUFFER_SIZE);
                                              ^~~~~~~~~~
In file included from ../src/MCP23S17.h:8,
                 from ../src/helloworld.c:45:
../../Impedance_AD5933_bsp/ps7_cortexa9_0/include/xspi.h:822:5: note: expected 'u8 *' {aka 'unsigned char *'} but argument is of type 'char *'
 int XSpi_Transfer(XSpi *InstancePtr, u8 *SendBufPtr, u8 *RecvBufPtr,
     ^~~~~~~~~~~~~
../src/helloworld.c:93:19: warning: passing argument 1 of 'XSpi_Transfer' from incompatible pointer type [-Wincompatible-pointer-types]
     XSpi_Transfer(&SpiInstance, setPullupsB, readBuffer, BUFFER_SIZE);
                   ^~~~~~~~~~~~
In file included from ../src/MCP23S17.h:8,
                 from ../src/helloworld.c:45:
../../Impedance_AD5933_bsp/ps7_cortexa9_0/include/xspi.h:822:25: note: expected 'XSpi *' {aka 'struct <anonymous> *'} but argument is of type 'XSpi **' {aka 'struct <anonymous> **'}
 int XSpi_Transfer(XSpi *InstancePtr, u8 *SendBufPtr, u8 *RecvBufPtr,
                   ~~~~~~^~~~~~~~~~~
../src/helloworld.c:93:33: warning: pointer targets in passing argument 2 of 'XSpi_Transfer' differ in signedness [-Wpointer-sign]
     XSpi_Transfer(&SpiInstance, setPullupsB, readBuffer, BUFFER_SIZE);
                                 ^~~~~~~~~~~
In file included from ../src/MCP23S17.h:8,
                 from ../src/helloworld.c:45:
../../Impedance_AD5933_bsp/ps7_cortexa9_0/include/xspi.h:822:5: note: expected 'u8 *' {aka 'unsigned char *'} but argument is of type 'char *'
 int XSpi_Transfer(XSpi *InstancePtr, u8 *SendBufPtr, u8 *RecvBufPtr,
     ^~~~~~~~~~~~~
../src/helloworld.c:93:46: warning: pointer targets in passing argument 3 of 'XSpi_Transfer' differ in signedness [-Wpointer-sign]
     XSpi_Transfer(&SpiInstance, setPullupsB, readBuffer, BUFFER_SIZE);
                                              ^~~~~~~~~~
In file included from ../src/MCP23S17.h:8,
                 from ../src/helloworld.c:45:
../../Impedance_AD5933_bsp/ps7_cortexa9_0/include/xspi.h:822:5: note: expected 'u8 *' {aka 'unsigned char *'} but argument is of type 'char *'
 int XSpi_Transfer(XSpi *InstancePtr, u8 *SendBufPtr, u8 *RecvBufPtr,
     ^~~~~~~~~~~~~
../src/helloworld.c:105:16: warning: passing argument 1 of 'XSpi_Transfer' from incompatible pointer type [-Wincompatible-pointer-types]
  XSpi_Transfer(&SpiInstance, arrayGPB, readBuffer, BUFFER_SIZE);
                ^~~~~~~~~~~~
In file included from ../src/MCP23S17.h:8,
                 from ../src/helloworld.c:45:
../../Impedance_AD5933_bsp/ps7_cortexa9_0/include/xspi.h:822:25: note: expected 'XSpi *' {aka 'struct <anonymous> *'} but argument is of type 'XSpi **' {aka 'struct <anonymous> **'}
 int XSpi_Transfer(XSpi *InstancePtr, u8 *SendBufPtr, u8 *RecvBufPtr,
                   ~~~~~~^~~~~~~~~~~
../src/helloworld.c:105:30: warning: pointer targets in passing argument 2 of 'XSpi_Transfer' differ in signedness [-Wpointer-sign]
  XSpi_Transfer(&SpiInstance, arrayGPB, readBuffer, BUFFER_SIZE);
                              ^~~~~~~~
In file included from ../src/MCP23S17.h:8,
                 from ../src/helloworld.c:45:
../../Impedance_AD5933_bsp/ps7_cortexa9_0/include/xspi.h:822:5: note: expected 'u8 *' {aka 'unsigned char *'} but argument is of type 'char *'
 int XSpi_Transfer(XSpi *InstancePtr, u8 *SendBufPtr, u8 *RecvBufPtr,
     ^~~~~~~~~~~~~
../src/helloworld.c:105:40: warning: pointer targets in passing argument 3 of 'XSpi_Transfer' differ in signedness [-Wpointer-sign]
  XSpi_Transfer(&SpiInstance, arrayGPB, readBuffer, BUFFER_SIZE);
                                        ^~~~~~~~~~
In file included from ../src/MCP23S17.h:8,
                 from ../src/helloworld.c:45:
../../Impedance_AD5933_bsp/ps7_cortexa9_0/include/xspi.h:822:5: note: expected 'u8 *' {aka 'unsigned char *'} but argument is of type 'char *'
 int XSpi_Transfer(XSpi *InstancePtr, u8 *SendBufPtr, u8 *RecvBufPtr,
     ^~~~~~~~~~~~~
../src/helloworld.c:106:16: warning: passing argument 1 of 'XSpi_Transfer' from incompatible pointer type [-Wincompatible-pointer-types]
  XSpi_Transfer(&SpiInstance, arrayGPA, readBuffer, BUFFER_SIZE);
                ^~~~~~~~~~~~
In file included from ../src/MCP23S17.h:8,
                 from ../src/helloworld.c:45:
../../Impedance_AD5933_bsp/ps7_cortexa9_0/include/xspi.h:822:25: note: expected 'XSpi *' {aka 'struct <anonymous> *'} but argument is of type 'XSpi **' {aka 'struct <anonymous> **'}
 int XSpi_Transfer(XSpi *InstancePtr, u8 *SendBufPtr, u8 *RecvBufPtr,
                   ~~~~~~^~~~~~~~~~~
../src/helloworld.c:106:30: warning: pointer targets in passing argument 2 of 'XSpi_Transfer' differ in signedness [-Wpointer-sign]
  XSpi_Transfer(&SpiInstance, arrayGPA, readBuffer, BUFFER_SIZE);
                              ^~~~~~~~
In file included from ../src/MCP23S17.h:8,
                 from ../src/helloworld.c:45:
../../Impedance_AD5933_bsp/ps7_cortexa9_0/include/xspi.h:822:5: note: expected 'u8 *' {aka 'unsigned char *'} but argument is of type 'char *'
 int XSpi_Transfer(XSpi *InstancePtr, u8 *SendBufPtr, u8 *RecvBufPtr,
     ^~~~~~~~~~~~~
../src/helloworld.c:106:40: warning: pointer targets in passing argument 3 of 'XSpi_Transfer' differ in signedness [-Wpointer-sign]
  XSpi_Transfer(&SpiInstance, arrayGPA, readBuffer, BUFFER_SIZE);
                                        ^~~~~~~~~~
In file included from ../src/MCP23S17.h:8,
                 from ../src/helloworld.c:45:
../../Impedance_AD5933_bsp/ps7_cortexa9_0/include/xspi.h:822:5: note: expected 'u8 *' {aka 'unsigned char *'} but argument is of type 'char *'
 int XSpi_Transfer(XSpi *InstancePtr, u8 *SendBufPtr, u8 *RecvBufPtr,
     ^~~~~~~~~~~~~
In file included from ../../Impedance_AD5933_bsp/ps7_cortexa9_0/include/xiic.h:323,
                 from ../src/AD5933.h:51,
                 from ../src/helloworld.c:44:
../src/helloworld.c: In function 'startGPIOPS':
../../Impedance_AD5933_bsp/ps7_cortexa9_0/include/xstatus.h:61:41: warning: 'return' with a value, in function returning void
 #define XST_FAILURE                     1L
                                         ^~
../src/helloworld.c:156:10: note: in expansion of macro 'XST_FAILURE'
   return XST_FAILURE;
          ^~~~~~~~~~~
../src/helloworld.c:144:6: note: declared here
 void startGPIOPS()
      ^~~~~~~~~~~
'Finished building: ../src/helloworld.c'
' '
'Building target: Impedance_AD5933.elf'
'Invoking: ARM v7 gcc linker'
arm-none-eabi-gcc -mcpu=cortex-a9 -mfpu=vfpv3 -mfloat-abi=hard -Wl,-build-id=none -specs=Xilinx.spec -Wl,-T -Wl,../src/lscript.ld -L../../Impedance_AD5933_bsp/ps7_cortexa9_0/lib -o "Impedance_AD5933.elf"  ./src/AD5933.o ./src/MCP23S17.o ./src/helloworld.o ./src/platform.o   -lm -Wl,--start-group,-lxil,-lgcc,-lc,--end-group
'Finished building target: Impedance_AD5933.elf'
' '
'Invoking: ARM v7 Print Size'
arm-none-eabi-size Impedance_AD5933.elf  |tee "Impedance_AD5933.elf.size"
   text	   data	    bss	    dec	    hex	filename
  78832	   2624	 196976	 278432	  43fa0	Impedance_AD5933.elf
'Finished building: Impedance_AD5933.elf.size'
' '
