22:02:47 **** Incremental Build of configuration Debug for project Impedance_AD5933 ****
make pre-build main-build 
a9-linaro-pre-build-step
' '
'Building file: ../src/AD5933.c'
'Invoking: ARM v7 gcc compiler'
arm-none-eabi-gcc -Wall -O0 -g3 -c -fmessage-length=0 -MT"src/AD5933.o" -mcpu=cortex-a9 -mfpu=vfpv3 -mfloat-abi=hard -I../../Impedance_AD5933_bsp/ps7_cortexa9_0/include -MMD -MP -MF"src/AD5933.d" -MT"src/AD5933.o" -o "src/AD5933.o" "../src/AD5933.c"
../src/AD5933.c: In function 'AD5933_StartSweep':
../src/AD5933.c:197:16: warning: unused variable 'imgData' [-Wunused-variable]
  int realData, imgData = 0;
                ^~~~~~~
../src/AD5933.c:197:6: warning: unused variable 'realData' [-Wunused-variable]
  int realData, imgData = 0;
      ^~~~~~~~
../src/AD5933.c: In function 'AD5933_CalculateImpedance':
../src/AD5933.c:287:23: warning: unused variable 'frequen' [-Wunused-variable]
  int          status, frequen = 0;
                       ^~~~~~~
../src/AD5933.c: In function 'calibration':
../src/AD5933.c:368:27: warning: variable 'wholeFactor2' set but not used [-Wunused-but-set-variable]
  static int wholeFactor1, wholeFactor2 = 0;
                           ^~~~~~~~~~~~
../src/AD5933.c:368:13: warning: variable 'wholeFactor1' set but not used [-Wunused-but-set-variable]
  static int wholeFactor1, wholeFactor2 = 0;
             ^~~~~~~~~~~~
'Finished building: ../src/AD5933.c'
' '
'Building file: ../src/MCP23S17.c'
'Invoking: ARM v7 gcc compiler'
arm-none-eabi-gcc -Wall -O0 -g3 -c -fmessage-length=0 -MT"src/MCP23S17.o" -mcpu=cortex-a9 -mfpu=vfpv3 -mfloat-abi=hard -I../../Impedance_AD5933_bsp/ps7_cortexa9_0/include -MMD -MP -MF"src/MCP23S17.d" -MT"src/MCP23S17.o" -o "src/MCP23S17.o" "../src/MCP23S17.c"
../src/MCP23S17.c: In function 'sendMCSP':
../src/MCP23S17.c:367:29: warning: pointer targets in passing argument 2 of 'XSpi_Transfer' differ in signedness [-Wpointer-sign]
  XSpi_Transfer(&SpiInstance,setConfigo, readBuffer, 3);
                             ^~~~~~~~~~
In file included from ../src/MCP23S17.h:8,
                 from ../src/MCP23S17.c:3:
../../Impedance_AD5933_bsp/ps7_cortexa9_0/include/xspi.h:822:5: note: expected 'u8 *' {aka 'unsigned char *'} but argument is of type 'char *'
 int XSpi_Transfer(XSpi *InstancePtr, u8 *SendBufPtr, u8 *RecvBufPtr,
     ^~~~~~~~~~~~~
../src/MCP23S17.c:367:41: warning: pointer targets in passing argument 3 of 'XSpi_Transfer' differ in signedness [-Wpointer-sign]
  XSpi_Transfer(&SpiInstance,setConfigo, readBuffer, 3);
                                         ^~~~~~~~~~
In file included from ../src/MCP23S17.h:8,
                 from ../src/MCP23S17.c:3:
../../Impedance_AD5933_bsp/ps7_cortexa9_0/include/xspi.h:822:5: note: expected 'u8 *' {aka 'unsigned char *'} but argument is of type 'char *'
 int XSpi_Transfer(XSpi *InstancePtr, u8 *SendBufPtr, u8 *RecvBufPtr,
     ^~~~~~~~~~~~~
'Finished building: ../src/MCP23S17.c'
' '
'Building file: ../src/helloworld.c'
'Invoking: ARM v7 gcc compiler'
arm-none-eabi-gcc -Wall -O0 -g3 -c -fmessage-length=0 -MT"src/helloworld.o" -mcpu=cortex-a9 -mfpu=vfpv3 -mfloat-abi=hard -I../../Impedance_AD5933_bsp/ps7_cortexa9_0/include -MMD -MP -MF"src/helloworld.d" -MT"src/helloworld.o" -o "src/helloworld.o" "../src/helloworld.c"
In file included from ../../Impedance_AD5933_bsp/ps7_cortexa9_0/include/xiic.h:323,
                 from ../src/AD5933.h:51,
                 from ../src/helloworld.c:40:
../src/helloworld.c: In function 'startGPIOPS':
../../Impedance_AD5933_bsp/ps7_cortexa9_0/include/xstatus.h:61:41: warning: 'return' with a value, in function returning void
 #define XST_FAILURE                     1L
                                         ^~
../src/helloworld.c:177:10: note: in expansion of macro 'XST_FAILURE'
   return XST_FAILURE;
          ^~~~~~~~~~~
../src/helloworld.c:165:6: note: declared here
 void startGPIOPS()
      ^~~~~~~~~~~
'Finished building: ../src/helloworld.c'
' '
'Building target: Impedance_AD5933.elf'
'Invoking: ARM v7 gcc linker'
arm-none-eabi-gcc -mcpu=cortex-a9 -mfpu=vfpv3 -mfloat-abi=hard -Wl,-build-id=none -specs=Xilinx.spec -Wl,-T -Wl,../src/lscript.ld -L../../Impedance_AD5933_bsp/ps7_cortexa9_0/lib -o "Impedance_AD5933.elf"  ./src/AD5933.o ./src/MCP23S17.o ./src/helloworld.o ./src/platform.o   -lm -Wl,--start-group,-lxil,-lgcc,-lc,--end-group
'Finished building target: Impedance_AD5933.elf'
' '
'Invoking: ARM v7 Print Size'
arm-none-eabi-size Impedance_AD5933.elf  |tee "Impedance_AD5933.elf.size"
   text	   data	    bss	    dec	    hex	filename
  80136	   2624	  29600	 112360	  1b6e8	Impedance_AD5933.elf
'Finished building: Impedance_AD5933.elf.size'
' '
22:03:20 **** Incremental Build of configuration Debug for project Impedance_AD5933 ****
make pre-build main-build 
a9-linaro-pre-build-step
' '
'Building file: ../src/helloworld.c'
'Invoking: ARM v7 gcc compiler'
arm-none-eabi-gcc -Wall -O0 -g3 -c -fmessage-length=0 -MT"src/helloworld.o" -mcpu=cortex-a9 -mfpu=vfpv3 -mfloat-abi=hard -I../../Impedance_AD5933_bsp/ps7_cortexa9_0/include -MMD -MP -MF"src/helloworld.d" -MT"src/helloworld.o" -o "src/helloworld.o" "../src/helloworld.c"
In file included from ../../Impedance_AD5933_bsp/ps7_cortexa9_0/include/xiic.h:323,
                 from ../src/AD5933.h:51,
                 from ../src/helloworld.c:40:
../src/helloworld.c: In function 'startGPIOPS':
../../Impedance_AD5933_bsp/ps7_cortexa9_0/include/xstatus.h:61:41: warning: 'return' with a value, in function returning void
 #define XST_FAILURE                     1L
                                         ^~
../src/helloworld.c:177:10: note: in expansion of macro 'XST_FAILURE'
   return XST_FAILURE;
          ^~~~~~~~~~~
../src/helloworld.c:165:6: note: declared here
 void startGPIOPS()
      ^~~~~~~~~~~
'Finished building: ../src/helloworld.c'
' '
'Building target: Impedance_AD5933.elf'
'Invoking: ARM v7 gcc linker'
arm-none-eabi-gcc -mcpu=cortex-a9 -mfpu=vfpv3 -mfloat-abi=hard -Wl,-build-id=none -specs=Xilinx.spec -Wl,-T -Wl,../src/lscript.ld -L../../Impedance_AD5933_bsp/ps7_cortexa9_0/lib -o "Impedance_AD5933.elf"  ./src/AD5933.o ./src/MCP23S17.o ./src/helloworld.o ./src/platform.o   -lm -Wl,--start-group,-lxil,-lgcc,-lc,--end-group
'Finished building target: Impedance_AD5933.elf'
' '
'Invoking: ARM v7 Print Size'
arm-none-eabi-size Impedance_AD5933.elf  |tee "Impedance_AD5933.elf.size"
   text	   data	    bss	    dec	    hex	filename
  80136	   2624	  29600	 112360	  1b6e8	Impedance_AD5933.elf
'Finished building: Impedance_AD5933.elf.size'
' '
22:18:02 **** Incremental Build of configuration Debug for project Impedance_AD5933 ****
make pre-build main-build 
a9-linaro-pre-build-step
' '
make: Nothing to be done for 'main-build'.
22:23:42 **** Incremental Build of configuration Debug for project Impedance_AD5933 ****
make pre-build main-build 
a9-linaro-pre-build-step
' '
'Building file: ../src/helloworld.c'
'Invoking: ARM v7 gcc compiler'
arm-none-eabi-gcc -Wall -O0 -g3 -c -fmessage-length=0 -MT"src/helloworld.o" -mcpu=cortex-a9 -mfpu=vfpv3 -mfloat-abi=hard -I../../Impedance_AD5933_bsp/ps7_cortexa9_0/include -MMD -MP -MF"src/helloworld.d" -MT"src/helloworld.o" -o "src/helloworld.o" "../src/helloworld.c"
../src/helloworld.c: In function 'main':
../src/helloworld.c:89:25: warning: suggest parentheses around comparison in operand of '|' [-Wparentheses]
       while (rcalChoice != '1' | rcalChoice != '2' | rcalChoice != '3')
              ~~~~~~~~~~~^~~~~~
../src/helloworld.c:89:65: warning: suggest parentheses around comparison in operand of '|' [-Wparentheses]
       while (rcalChoice != '1' | rcalChoice != '2' | rcalChoice != '3')
                                                      ~~~~~~~~~~~^~~~~~
In file included from ../../Impedance_AD5933_bsp/ps7_cortexa9_0/include/xiic.h:323,
                 from ../src/AD5933.h:51,
                 from ../src/helloworld.c:40:
../src/helloworld.c: In function 'startGPIOPS':
../../Impedance_AD5933_bsp/ps7_cortexa9_0/include/xstatus.h:61:41: warning: 'return' with a value, in function returning void
 #define XST_FAILURE                     1L
                                         ^~
../src/helloworld.c:177:10: note: in expansion of macro 'XST_FAILURE'
   return XST_FAILURE;
          ^~~~~~~~~~~
../src/helloworld.c:165:6: note: declared here
 void startGPIOPS()
      ^~~~~~~~~~~
'Finished building: ../src/helloworld.c'
' '
'Building target: Impedance_AD5933.elf'
'Invoking: ARM v7 gcc linker'
arm-none-eabi-gcc -mcpu=cortex-a9 -mfpu=vfpv3 -mfloat-abi=hard -Wl,-build-id=none -specs=Xilinx.spec -Wl,-T -Wl,../src/lscript.ld -L../../Impedance_AD5933_bsp/ps7_cortexa9_0/lib -o "Impedance_AD5933.elf"  ./src/AD5933.o ./src/MCP23S17.o ./src/helloworld.o ./src/platform.o   -lm -Wl,--start-group,-lxil,-lgcc,-lc,--end-group
'Finished building target: Impedance_AD5933.elf'
' '
'Invoking: ARM v7 Print Size'
arm-none-eabi-size Impedance_AD5933.elf  |tee "Impedance_AD5933.elf.size"
   text	   data	    bss	    dec	    hex	filename
  80200	   2624	  29600	 112424	  1b728	Impedance_AD5933.elf
'Finished building: Impedance_AD5933.elf.size'
' '
22:24:39 **** Incremental Build of configuration Debug for project Impedance_AD5933 ****
make pre-build main-build 
a9-linaro-pre-build-step
' '
make: Nothing to be done for 'main-build'.
22:25:34 **** Incremental Build of configuration Debug for project Impedance_AD5933 ****
make pre-build main-build 
a9-linaro-pre-build-step
' '
'Building file: ../src/helloworld.c'
'Invoking: ARM v7 gcc compiler'
arm-none-eabi-gcc -Wall -O0 -g3 -c -fmessage-length=0 -MT"src/helloworld.o" -mcpu=cortex-a9 -mfpu=vfpv3 -mfloat-abi=hard -I../../Impedance_AD5933_bsp/ps7_cortexa9_0/include -MMD -MP -MF"src/helloworld.d" -MT"src/helloworld.o" -o "src/helloworld.o" "../src/helloworld.c"
In file included from ../../Impedance_AD5933_bsp/ps7_cortexa9_0/include/xiic.h:323,
                 from ../src/AD5933.h:51,
                 from ../src/helloworld.c:40:
../src/helloworld.c: In function 'startGPIOPS':
../../Impedance_AD5933_bsp/ps7_cortexa9_0/include/xstatus.h:61:41: warning: 'return' with a value, in function returning void
 #define XST_FAILURE                     1L
                                         ^~
../src/helloworld.c:177:10: note: in expansion of macro 'XST_FAILURE'
   return XST_FAILURE;
          ^~~~~~~~~~~
../src/helloworld.c:165:6: note: declared here
 void startGPIOPS()
      ^~~~~~~~~~~
'Finished building: ../src/helloworld.c'
' '
'Building target: Impedance_AD5933.elf'
'Invoking: ARM v7 gcc linker'
arm-none-eabi-gcc -mcpu=cortex-a9 -mfpu=vfpv3 -mfloat-abi=hard -Wl,-build-id=none -specs=Xilinx.spec -Wl,-T -Wl,../src/lscript.ld -L../../Impedance_AD5933_bsp/ps7_cortexa9_0/lib -o "Impedance_AD5933.elf"  ./src/AD5933.o ./src/MCP23S17.o ./src/helloworld.o ./src/platform.o   -lm -Wl,--start-group,-lxil,-lgcc,-lc,--end-group
'Finished building target: Impedance_AD5933.elf'
' '
'Invoking: ARM v7 Print Size'
arm-none-eabi-size Impedance_AD5933.elf  |tee "Impedance_AD5933.elf.size"
   text	   data	    bss	    dec	    hex	filename
  80136	   2624	  29600	 112360	  1b6e8	Impedance_AD5933.elf
'Finished building: Impedance_AD5933.elf.size'
' '
22:26:15 **** Incremental Build of configuration Debug for project Impedance_AD5933 ****
make pre-build main-build 
a9-linaro-pre-build-step
' '
'Building file: ../src/AD5933.c'
'Invoking: ARM v7 gcc compiler'
arm-none-eabi-gcc -Wall -O0 -g3 -c -fmessage-length=0 -MT"src/AD5933.o" -mcpu=cortex-a9 -mfpu=vfpv3 -mfloat-abi=hard -I../../Impedance_AD5933_bsp/ps7_cortexa9_0/include -MMD -MP -MF"src/AD5933.d" -MT"src/AD5933.o" -o "src/AD5933.o" "../src/AD5933.c"
../src/AD5933.c: In function 'AD5933_StartSweep':
../src/AD5933.c:197:16: warning: unused variable 'imgData' [-Wunused-variable]
  int realData, imgData = 0;
                ^~~~~~~
../src/AD5933.c:197:6: warning: unused variable 'realData' [-Wunused-variable]
  int realData, imgData = 0;
      ^~~~~~~~
../src/AD5933.c: In function 'AD5933_CalculateImpedance':
../src/AD5933.c:287:23: warning: unused variable 'frequen' [-Wunused-variable]
  int          status, frequen = 0;
                       ^~~~~~~
../src/AD5933.c: In function 'calibration':
../src/AD5933.c:368:27: warning: variable 'wholeFactor2' set but not used [-Wunused-but-set-variable]
  static int wholeFactor1, wholeFactor2 = 0;
                           ^~~~~~~~~~~~
../src/AD5933.c:368:13: warning: variable 'wholeFactor1' set but not used [-Wunused-but-set-variable]
  static int wholeFactor1, wholeFactor2 = 0;
             ^~~~~~~~~~~~
'Finished building: ../src/AD5933.c'
' '
'Building file: ../src/MCP23S17.c'
'Invoking: ARM v7 gcc compiler'
arm-none-eabi-gcc -Wall -O0 -g3 -c -fmessage-length=0 -MT"src/MCP23S17.o" -mcpu=cortex-a9 -mfpu=vfpv3 -mfloat-abi=hard -I../../Impedance_AD5933_bsp/ps7_cortexa9_0/include -MMD -MP -MF"src/MCP23S17.d" -MT"src/MCP23S17.o" -o "src/MCP23S17.o" "../src/MCP23S17.c"
../src/MCP23S17.c: In function 'sendMCSP':
../src/MCP23S17.c:367:29: warning: pointer targets in passing argument 2 of 'XSpi_Transfer' differ in signedness [-Wpointer-sign]
  XSpi_Transfer(&SpiInstance,setConfigo, readBuffer, 3);
                             ^~~~~~~~~~
In file included from ../src/MCP23S17.h:8,
                 from ../src/MCP23S17.c:3:
../../Impedance_AD5933_bsp/ps7_cortexa9_0/include/xspi.h:822:5: note: expected 'u8 *' {aka 'unsigned char *'} but argument is of type 'char *'
 int XSpi_Transfer(XSpi *InstancePtr, u8 *SendBufPtr, u8 *RecvBufPtr,
     ^~~~~~~~~~~~~
../src/MCP23S17.c:367:41: warning: pointer targets in passing argument 3 of 'XSpi_Transfer' differ in signedness [-Wpointer-sign]
  XSpi_Transfer(&SpiInstance,setConfigo, readBuffer, 3);
                                         ^~~~~~~~~~
In file included from ../src/MCP23S17.h:8,
                 from ../src/MCP23S17.c:3:
../../Impedance_AD5933_bsp/ps7_cortexa9_0/include/xspi.h:822:5: note: expected 'u8 *' {aka 'unsigned char *'} but argument is of type 'char *'
 int XSpi_Transfer(XSpi *InstancePtr, u8 *SendBufPtr, u8 *RecvBufPtr,
     ^~~~~~~~~~~~~
'Finished building: ../src/MCP23S17.c'
' '
'Building file: ../src/helloworld.c'
'Invoking: ARM v7 gcc compiler'
arm-none-eabi-gcc -Wall -O0 -g3 -c -fmessage-length=0 -MT"src/helloworld.o" -mcpu=cortex-a9 -mfpu=vfpv3 -mfloat-abi=hard -I../../Impedance_AD5933_bsp/ps7_cortexa9_0/include -MMD -MP -MF"src/helloworld.d" -MT"src/helloworld.o" -o "src/helloworld.o" "../src/helloworld.c"
In file included from ../../Impedance_AD5933_bsp/ps7_cortexa9_0/include/xiic.h:323,
                 from ../src/AD5933.h:51,
                 from ../src/helloworld.c:40:
../src/helloworld.c: In function 'startGPIOPS':
../../Impedance_AD5933_bsp/ps7_cortexa9_0/include/xstatus.h:61:41: warning: 'return' with a value, in function returning void
 #define XST_FAILURE                     1L
                                         ^~
../src/helloworld.c:177:10: note: in expansion of macro 'XST_FAILURE'
   return XST_FAILURE;
          ^~~~~~~~~~~
../src/helloworld.c:165:6: note: declared here
 void startGPIOPS()
      ^~~~~~~~~~~
'Finished building: ../src/helloworld.c'
' '
'Building target: Impedance_AD5933.elf'
'Invoking: ARM v7 gcc linker'
arm-none-eabi-gcc -mcpu=cortex-a9 -mfpu=vfpv3 -mfloat-abi=hard -Wl,-build-id=none -specs=Xilinx.spec -Wl,-T -Wl,../src/lscript.ld -L../../Impedance_AD5933_bsp/ps7_cortexa9_0/lib -o "Impedance_AD5933.elf"  ./src/AD5933.o ./src/MCP23S17.o ./src/helloworld.o ./src/platform.o   -lm -Wl,--start-group,-lxil,-lgcc,-lc,--end-group
'Finished building target: Impedance_AD5933.elf'
' '
'Invoking: ARM v7 Print Size'
arm-none-eabi-size Impedance_AD5933.elf  |tee "Impedance_AD5933.elf.size"
   text	   data	    bss	    dec	    hex	filename
  80136	   2624	  29600	 112360	  1b6e8	Impedance_AD5933.elf
'Finished building: Impedance_AD5933.elf.size'
' '
22:27:56 **** Incremental Build of configuration Debug for project Impedance_AD5933 ****
make pre-build main-build 
a9-linaro-pre-build-step
' '
'Building file: ../src/helloworld.c'
'Invoking: ARM v7 gcc compiler'
arm-none-eabi-gcc -Wall -O0 -g3 -c -fmessage-length=0 -MT"src/helloworld.o" -mcpu=cortex-a9 -mfpu=vfpv3 -mfloat-abi=hard -I../../Impedance_AD5933_bsp/ps7_cortexa9_0/include -MMD -MP -MF"src/helloworld.d" -MT"src/helloworld.o" -o "src/helloworld.o" "../src/helloworld.c"
In file included from ../../Impedance_AD5933_bsp/ps7_cortexa9_0/include/xiic.h:323,
                 from ../src/AD5933.h:51,
                 from ../src/helloworld.c:40:
../src/helloworld.c: In function 'startGPIOPS':
../../Impedance_AD5933_bsp/ps7_cortexa9_0/include/xstatus.h:61:41: warning: 'return' with a value, in function returning void
 #define XST_FAILURE                     1L
                                         ^~
../src/helloworld.c:177:10: note: in expansion of macro 'XST_FAILURE'
   return XST_FAILURE;
          ^~~~~~~~~~~
../src/helloworld.c:165:6: note: declared here
 void startGPIOPS()
      ^~~~~~~~~~~
'Finished building: ../src/helloworld.c'
' '
'Building target: Impedance_AD5933.elf'
'Invoking: ARM v7 gcc linker'
arm-none-eabi-gcc -mcpu=cortex-a9 -mfpu=vfpv3 -mfloat-abi=hard -Wl,-build-id=none -specs=Xilinx.spec -Wl,-T -Wl,../src/lscript.ld -L../../Impedance_AD5933_bsp/ps7_cortexa9_0/lib -o "Impedance_AD5933.elf"  ./src/AD5933.o ./src/MCP23S17.o ./src/helloworld.o ./src/platform.o   -lm -Wl,--start-group,-lxil,-lgcc,-lc,--end-group
'Finished building target: Impedance_AD5933.elf'
' '
'Invoking: ARM v7 Print Size'
arm-none-eabi-size Impedance_AD5933.elf  |tee "Impedance_AD5933.elf.size"
   text	   data	    bss	    dec	    hex	filename
  80136	   2624	  29600	 112360	  1b6e8	Impedance_AD5933.elf
'Finished building: Impedance_AD5933.elf.size'
' '
22:29:11 **** Incremental Build of configuration Debug for project Impedance_AD5933 ****
make pre-build main-build 
a9-linaro-pre-build-step
' '
'Building file: ../src/helloworld.c'
'Invoking: ARM v7 gcc compiler'
arm-none-eabi-gcc -Wall -O0 -g3 -c -fmessage-length=0 -MT"src/helloworld.o" -mcpu=cortex-a9 -mfpu=vfpv3 -mfloat-abi=hard -I../../Impedance_AD5933_bsp/ps7_cortexa9_0/include -MMD -MP -MF"src/helloworld.d" -MT"src/helloworld.o" -o "src/helloworld.o" "../src/helloworld.c"
In file included from ../../Impedance_AD5933_bsp/ps7_cortexa9_0/include/xiic.h:323,
                 from ../src/AD5933.h:51,
                 from ../src/helloworld.c:40:
../src/helloworld.c: In function 'startGPIOPS':
../../Impedance_AD5933_bsp/ps7_cortexa9_0/include/xstatus.h:61:41: warning: 'return' with a value, in function returning void
 #define XST_FAILURE                     1L
                                         ^~
../src/helloworld.c:177:10: note: in expansion of macro 'XST_FAILURE'
   return XST_FAILURE;
          ^~~~~~~~~~~
../src/helloworld.c:165:6: note: declared here
 void startGPIOPS()
      ^~~~~~~~~~~
'Finished building: ../src/helloworld.c'
' '
'Building target: Impedance_AD5933.elf'
'Invoking: ARM v7 gcc linker'
arm-none-eabi-gcc -mcpu=cortex-a9 -mfpu=vfpv3 -mfloat-abi=hard -Wl,-build-id=none -specs=Xilinx.spec -Wl,-T -Wl,../src/lscript.ld -L../../Impedance_AD5933_bsp/ps7_cortexa9_0/lib -o "Impedance_AD5933.elf"  ./src/AD5933.o ./src/MCP23S17.o ./src/helloworld.o ./src/platform.o   -lm -Wl,--start-group,-lxil,-lgcc,-lc,--end-group
'Finished building target: Impedance_AD5933.elf'
' '
'Invoking: ARM v7 Print Size'
arm-none-eabi-size Impedance_AD5933.elf  |tee "Impedance_AD5933.elf.size"
   text	   data	    bss	    dec	    hex	filename
  80136	   2624	  29600	 112360	  1b6e8	Impedance_AD5933.elf
'Finished building: Impedance_AD5933.elf.size'
' '
22:40:41 **** Incremental Build of configuration Debug for project Impedance_AD5933 ****
make pre-build main-build 
a9-linaro-pre-build-step
' '
make: Nothing to be done for 'main-build'.
22:46:39 **** Incremental Build of configuration Debug for project Impedance_AD5933 ****
make pre-build main-build 
a9-linaro-pre-build-step
' '
make: Nothing to be done for 'main-build'.
22:47:59 **** Incremental Build of configuration Debug for project Impedance_AD5933 ****
make pre-build main-build 
a9-linaro-pre-build-step
' '
make: Nothing to be done for 'main-build'.
22:49:21 **** Incremental Build of configuration Debug for project Impedance_AD5933 ****
make pre-build main-build 
a9-linaro-pre-build-step
' '
'Building file: ../src/helloworld.c'
'Invoking: ARM v7 gcc compiler'
arm-none-eabi-gcc -Wall -O0 -g3 -c -fmessage-length=0 -MT"src/helloworld.o" -mcpu=cortex-a9 -mfpu=vfpv3 -mfloat-abi=hard -I../../Impedance_AD5933_bsp/ps7_cortexa9_0/include -MMD -MP -MF"src/helloworld.d" -MT"src/helloworld.o" -o "src/helloworld.o" "../src/helloworld.c"
In file included from ../../Impedance_AD5933_bsp/ps7_cortexa9_0/include/xiic.h:323,
                 from ../src/AD5933.h:51,
                 from ../src/helloworld.c:40:
../src/helloworld.c: In function 'startGPIOPS':
../../Impedance_AD5933_bsp/ps7_cortexa9_0/include/xstatus.h:61:41: warning: 'return' with a value, in function returning void
 #define XST_FAILURE                     1L
                                         ^~
../src/helloworld.c:179:10: note: in expansion of macro 'XST_FAILURE'
   return XST_FAILURE;
          ^~~~~~~~~~~
../src/helloworld.c:167:6: note: declared here
 void startGPIOPS()
      ^~~~~~~~~~~
'Finished building: ../src/helloworld.c'
' '
'Building target: Impedance_AD5933.elf'
'Invoking: ARM v7 gcc linker'
arm-none-eabi-gcc -mcpu=cortex-a9 -mfpu=vfpv3 -mfloat-abi=hard -Wl,-build-id=none -specs=Xilinx.spec -Wl,-T -Wl,../src/lscript.ld -L../../Impedance_AD5933_bsp/ps7_cortexa9_0/lib -o "Impedance_AD5933.elf"  ./src/AD5933.o ./src/MCP23S17.o ./src/helloworld.o ./src/platform.o   -lm -Wl,--start-group,-lxil,-lgcc,-lc,--end-group
'Finished building target: Impedance_AD5933.elf'
' '
'Invoking: ARM v7 Print Size'
arm-none-eabi-size Impedance_AD5933.elf  |tee "Impedance_AD5933.elf.size"
   text	   data	    bss	    dec	    hex	filename
  80136	   2624	  29600	 112360	  1b6e8	Impedance_AD5933.elf
'Finished building: Impedance_AD5933.elf.size'
' '
22:51:21 **** Incremental Build of configuration Debug for project Impedance_AD5933 ****
make pre-build main-build 
a9-linaro-pre-build-step
' '
make: Nothing to be done for 'main-build'.
13:27:55 **** Incremental Build of configuration Debug for project Impedance_AD5933 ****
make pre-build main-build 
a9-linaro-pre-build-step
' '
'Building file: ../src/helloworld.c'
'Invoking: ARM v7 gcc compiler'
arm-none-eabi-gcc -Wall -O0 -g3 -c -fmessage-length=0 -MT"src/helloworld.o" -mcpu=cortex-a9 -mfpu=vfpv3 -mfloat-abi=hard -I../../Impedance_AD5933_bsp/ps7_cortexa9_0/include -MMD -MP -MF"src/helloworld.d" -MT"src/helloworld.o" -o "src/helloworld.o" "../src/helloworld.c"
In file included from ../../Impedance_AD5933_bsp/ps7_cortexa9_0/include/xiic.h:323,
                 from ../src/AD5933.h:51,
                 from ../src/helloworld.c:40:
../src/helloworld.c: In function 'startGPIOPS':
../../Impedance_AD5933_bsp/ps7_cortexa9_0/include/xstatus.h:61:41: warning: 'return' with a value, in function returning void
 #define XST_FAILURE                     1L
                                         ^~
../src/helloworld.c:179:10: note: in expansion of macro 'XST_FAILURE'
   return XST_FAILURE;
          ^~~~~~~~~~~
../src/helloworld.c:167:6: note: declared here
 void startGPIOPS()
      ^~~~~~~~~~~
'Finished building: ../src/helloworld.c'
' '
'Building target: Impedance_AD5933.elf'
'Invoking: ARM v7 gcc linker'
arm-none-eabi-gcc -mcpu=cortex-a9 -mfpu=vfpv3 -mfloat-abi=hard -Wl,-build-id=none -specs=Xilinx.spec -Wl,-T -Wl,../src/lscript.ld -L../../Impedance_AD5933_bsp/ps7_cortexa9_0/lib -o "Impedance_AD5933.elf"  ./src/AD5933.o ./src/MCP23S17.o ./src/helloworld.o ./src/platform.o   -lm -Wl,--start-group,-lxil,-lgcc,-lc,--end-group
'Finished building target: Impedance_AD5933.elf'
' '
'Invoking: ARM v7 Print Size'
arm-none-eabi-size Impedance_AD5933.elf  |tee "Impedance_AD5933.elf.size"
   text	   data	    bss	    dec	    hex	filename
  80136	   2624	  29600	 112360	  1b6e8	Impedance_AD5933.elf
'Finished building: Impedance_AD5933.elf.size'
' '
13:29:02 **** Incremental Build of configuration Debug for project Impedance_AD5933 ****
make pre-build main-build 
a9-linaro-pre-build-step
' '
make: Nothing to be done for 'main-build'.
13:43:29 **** Incremental Build of configuration Debug for project Impedance_AD5933 ****
make pre-build main-build 
a9-linaro-pre-build-step
' '
'Building file: ../src/helloworld.c'
'Invoking: ARM v7 gcc compiler'
arm-none-eabi-gcc -Wall -O0 -g3 -c -fmessage-length=0 -MT"src/helloworld.o" -mcpu=cortex-a9 -mfpu=vfpv3 -mfloat-abi=hard -I../../Impedance_AD5933_bsp/ps7_cortexa9_0/include -MMD -MP -MF"src/helloworld.d" -MT"src/helloworld.o" -o "src/helloworld.o" "../src/helloworld.c"
In file included from ../../Impedance_AD5933_bsp/ps7_cortexa9_0/include/xiic.h:323,
                 from ../src/AD5933.h:51,
                 from ../src/helloworld.c:40:
../src/helloworld.c: In function 'startGPIOPS':
../../Impedance_AD5933_bsp/ps7_cortexa9_0/include/xstatus.h:61:41: warning: 'return' with a value, in function returning void
 #define XST_FAILURE                     1L
                                         ^~
../src/helloworld.c:179:10: note: in expansion of macro 'XST_FAILURE'
   return XST_FAILURE;
          ^~~~~~~~~~~
../src/helloworld.c:167:6: note: declared here
 void startGPIOPS()
      ^~~~~~~~~~~
'Finished building: ../src/helloworld.c'
' '
'Building target: Impedance_AD5933.elf'
'Invoking: ARM v7 gcc linker'
arm-none-eabi-gcc -mcpu=cortex-a9 -mfpu=vfpv3 -mfloat-abi=hard -Wl,-build-id=none -specs=Xilinx.spec -Wl,-T -Wl,../src/lscript.ld -L../../Impedance_AD5933_bsp/ps7_cortexa9_0/lib -o "Impedance_AD5933.elf"  ./src/AD5933.o ./src/MCP23S17.o ./src/helloworld.o ./src/platform.o   -lm -Wl,--start-group,-lxil,-lgcc,-lc,--end-group
'Finished building target: Impedance_AD5933.elf'
' '
'Invoking: ARM v7 Print Size'
arm-none-eabi-size Impedance_AD5933.elf  |tee "Impedance_AD5933.elf.size"
   text	   data	    bss	    dec	    hex	filename
  80136	   2624	  29600	 112360	  1b6e8	Impedance_AD5933.elf
'Finished building: Impedance_AD5933.elf.size'
' '
13:48:53 **** Incremental Build of configuration Debug for project Impedance_AD5933 ****
make pre-build main-build 
a9-linaro-pre-build-step
' '
'Building file: ../src/helloworld.c'
'Invoking: ARM v7 gcc compiler'
arm-none-eabi-gcc -Wall -O0 -g3 -c -fmessage-length=0 -MT"src/helloworld.o" -mcpu=cortex-a9 -mfpu=vfpv3 -mfloat-abi=hard -I../../Impedance_AD5933_bsp/ps7_cortexa9_0/include -MMD -MP -MF"src/helloworld.d" -MT"src/helloworld.o" -o "src/helloworld.o" "../src/helloworld.c"
In file included from ../../Impedance_AD5933_bsp/ps7_cortexa9_0/include/xiic.h:323,
                 from ../src/AD5933.h:51,
                 from ../src/helloworld.c:40:
../src/helloworld.c: In function 'startGPIOPS':
../../Impedance_AD5933_bsp/ps7_cortexa9_0/include/xstatus.h:61:41: warning: 'return' with a value, in function returning void
 #define XST_FAILURE                     1L
                                         ^~
../src/helloworld.c:181:10: note: in expansion of macro 'XST_FAILURE'
   return XST_FAILURE;
          ^~~~~~~~~~~
../src/helloworld.c:169:6: note: declared here
 void startGPIOPS()
      ^~~~~~~~~~~
'Finished building: ../src/helloworld.c'
' '
'Building target: Impedance_AD5933.elf'
'Invoking: ARM v7 gcc linker'
arm-none-eabi-gcc -mcpu=cortex-a9 -mfpu=vfpv3 -mfloat-abi=hard -Wl,-build-id=none -specs=Xilinx.spec -Wl,-T -Wl,../src/lscript.ld -L../../Impedance_AD5933_bsp/ps7_cortexa9_0/lib -o "Impedance_AD5933.elf"  ./src/AD5933.o ./src/MCP23S17.o ./src/helloworld.o ./src/platform.o   -lm -Wl,--start-group,-lxil,-lgcc,-lc,--end-group
'Finished building target: Impedance_AD5933.elf'
' '
'Invoking: ARM v7 Print Size'
arm-none-eabi-size Impedance_AD5933.elf  |tee "Impedance_AD5933.elf.size"
   text	   data	    bss	    dec	    hex	filename
  80136	   2624	  29600	 112360	  1b6e8	Impedance_AD5933.elf
'Finished building: Impedance_AD5933.elf.size'
' '
13:49:06 **** Incremental Build of configuration Debug for project Impedance_AD5933 ****
make pre-build main-build 
a9-linaro-pre-build-step
' '
'Building file: ../src/helloworld.c'
'Invoking: ARM v7 gcc compiler'
arm-none-eabi-gcc -Wall -O0 -g3 -c -fmessage-length=0 -MT"src/helloworld.o" -mcpu=cortex-a9 -mfpu=vfpv3 -mfloat-abi=hard -I../../Impedance_AD5933_bsp/ps7_cortexa9_0/include -MMD -MP -MF"src/helloworld.d" -MT"src/helloworld.o" -o "src/helloworld.o" "../src/helloworld.c"
In file included from ../../Impedance_AD5933_bsp/ps7_cortexa9_0/include/xiic.h:323,
                 from ../src/AD5933.h:51,
                 from ../src/helloworld.c:40:
../src/helloworld.c: In function 'startGPIOPS':
../../Impedance_AD5933_bsp/ps7_cortexa9_0/include/xstatus.h:61:41: warning: 'return' with a value, in function returning void
 #define XST_FAILURE                     1L
                                         ^~
../src/helloworld.c:182:10: note: in expansion of macro 'XST_FAILURE'
   return XST_FAILURE;
          ^~~~~~~~~~~
../src/helloworld.c:170:6: note: declared here
 void startGPIOPS()
      ^~~~~~~~~~~
'Finished building: ../src/helloworld.c'
' '
'Building target: Impedance_AD5933.elf'
'Invoking: ARM v7 gcc linker'
arm-none-eabi-gcc -mcpu=cortex-a9 -mfpu=vfpv3 -mfloat-abi=hard -Wl,-build-id=none -specs=Xilinx.spec -Wl,-T -Wl,../src/lscript.ld -L../../Impedance_AD5933_bsp/ps7_cortexa9_0/lib -o "Impedance_AD5933.elf"  ./src/AD5933.o ./src/MCP23S17.o ./src/helloworld.o ./src/platform.o   -lm -Wl,--start-group,-lxil,-lgcc,-lc,--end-group
'Finished building target: Impedance_AD5933.elf'
' '
'Invoking: ARM v7 Print Size'
arm-none-eabi-size Impedance_AD5933.elf  |tee "Impedance_AD5933.elf.size"
   text	   data	    bss	    dec	    hex	filename
  80136	   2624	  29600	 112360	  1b6e8	Impedance_AD5933.elf
'Finished building: Impedance_AD5933.elf.size'
' '
14:03:21 **** Incremental Build of configuration Debug for project Impedance_AD5933 ****
make pre-build main-build 
a9-linaro-pre-build-step
' '
make: Nothing to be done for 'main-build'.
14:03:35 **** Incremental Build of configuration Debug for project Impedance_AD5933 ****
make pre-build main-build 
a9-linaro-pre-build-step
' '
make: Nothing to be done for 'main-build'.
15:00:15 **** Incremental Build of configuration Debug for project Impedance_AD5933 ****
make pre-build main-build 
a9-linaro-pre-build-step
' '
make: Nothing to be done for 'main-build'.
15:13:43 **** Incremental Build of configuration Debug for project Impedance_AD5933 ****
make pre-build main-build 
a9-linaro-pre-build-step
' '
make: Nothing to be done for 'main-build'.
15:14:32 **** Incremental Build of configuration Debug for project Impedance_AD5933 ****
make pre-build main-build 
a9-linaro-pre-build-step
' '
make: Nothing to be done for 'main-build'.
15:14:43 **** Incremental Build of configuration Debug for project Impedance_AD5933 ****
make pre-build main-build 
a9-linaro-pre-build-step
' '
make: Nothing to be done for 'main-build'.
15:17:39 **** Incremental Build of configuration Debug for project Impedance_AD5933 ****
make pre-build main-build 
a9-linaro-pre-build-step
' '
make: Nothing to be done for 'main-build'.
15:26:52 **** Incremental Build of configuration Debug for project Impedance_AD5933 ****
make pre-build main-build 
a9-linaro-pre-build-step
' '
make: Nothing to be done for 'main-build'.
15:27:43 **** Incremental Build of configuration Debug for project Impedance_AD5933 ****
make pre-build main-build 
a9-linaro-pre-build-step
' '
make: Nothing to be done for 'main-build'.
15:31:25 **** Incremental Build of configuration Debug for project Impedance_AD5933 ****
make pre-build main-build 
a9-linaro-pre-build-step
' '
'Building file: ../src/MCP23S17.c'
'Invoking: ARM v7 gcc compiler'
arm-none-eabi-gcc -Wall -O0 -g3 -c -fmessage-length=0 -MT"src/MCP23S17.o" -mcpu=cortex-a9 -mfpu=vfpv3 -mfloat-abi=hard -I../../Impedance_AD5933_bsp/ps7_cortexa9_0/include -MMD -MP -MF"src/MCP23S17.d" -MT"src/MCP23S17.o" -o "src/MCP23S17.o" "../src/MCP23S17.c"
../src/MCP23S17.c: In function 'sendMCSP':
../src/MCP23S17.c:367:29: warning: pointer targets in passing argument 2 of 'XSpi_Transfer' differ in signedness [-Wpointer-sign]
  XSpi_Transfer(&SpiInstance,setConfigo, readBuffer, 3);
                             ^~~~~~~~~~
In file included from ../src/MCP23S17.h:8,
                 from ../src/MCP23S17.c:3:
../../Impedance_AD5933_bsp/ps7_cortexa9_0/include/xspi.h:822:5: note: expected 'u8 *' {aka 'unsigned char *'} but argument is of type 'char *'
 int XSpi_Transfer(XSpi *InstancePtr, u8 *SendBufPtr, u8 *RecvBufPtr,
     ^~~~~~~~~~~~~
../src/MCP23S17.c:367:41: warning: pointer targets in passing argument 3 of 'XSpi_Transfer' differ in signedness [-Wpointer-sign]
  XSpi_Transfer(&SpiInstance,setConfigo, readBuffer, 3);
                                         ^~~~~~~~~~
In file included from ../src/MCP23S17.h:8,
                 from ../src/MCP23S17.c:3:
../../Impedance_AD5933_bsp/ps7_cortexa9_0/include/xspi.h:822:5: note: expected 'u8 *' {aka 'unsigned char *'} but argument is of type 'char *'
 int XSpi_Transfer(XSpi *InstancePtr, u8 *SendBufPtr, u8 *RecvBufPtr,
     ^~~~~~~~~~~~~
'Finished building: ../src/MCP23S17.c'
' '
'Building target: Impedance_AD5933.elf'
'Invoking: ARM v7 gcc linker'
arm-none-eabi-gcc -mcpu=cortex-a9 -mfpu=vfpv3 -mfloat-abi=hard -Wl,-build-id=none -specs=Xilinx.spec -Wl,-T -Wl,../src/lscript.ld -L../../Impedance_AD5933_bsp/ps7_cortexa9_0/lib -o "Impedance_AD5933.elf"  ./src/AD5933.o ./src/MCP23S17.o ./src/helloworld.o ./src/platform.o   -lm -Wl,--start-group,-lxil,-lgcc,-lc,--end-group
'Finished building target: Impedance_AD5933.elf'
' '
'Invoking: ARM v7 Print Size'
arm-none-eabi-size Impedance_AD5933.elf  |tee "Impedance_AD5933.elf.size"
   text	   data	    bss	    dec	    hex	filename
  80136	   2624	  29600	 112360	  1b6e8	Impedance_AD5933.elf
'Finished building: Impedance_AD5933.elf.size'
' '
15:56:26 **** Incremental Build of configuration Debug for project Impedance_AD5933 ****
make pre-build main-build 
a9-linaro-pre-build-step
' '
make: Nothing to be done for 'main-build'.
15:59:20 **** Incremental Build of configuration Debug for project Impedance_AD5933 ****
make pre-build main-build 
a9-linaro-pre-build-step
' '
make: Nothing to be done for 'main-build'.
15:59:32 **** Incremental Build of configuration Debug for project Impedance_AD5933 ****
make pre-build main-build 
a9-linaro-pre-build-step
' '
make: Nothing to be done for 'main-build'.
16:38:15 **** Incremental Build of configuration Debug for project Impedance_AD5933 ****
make pre-build main-build 
a9-linaro-pre-build-step
' '
make: Nothing to be done for 'main-build'.
16:51:37 **** Incremental Build of configuration Debug for project Impedance_AD5933 ****
make pre-build main-build 
a9-linaro-pre-build-step
' '
make: Nothing to be done for 'main-build'.
23:14:20 **** Incremental Build of configuration Debug for project Impedance_AD5933 ****
make pre-build main-build 
a9-linaro-pre-build-step
' '
'Building file: ../src/MCP23S17.c'
'Invoking: ARM v7 gcc compiler'
arm-none-eabi-gcc -Wall -O0 -g3 -c -fmessage-length=0 -MT"src/MCP23S17.o" -mcpu=cortex-a9 -mfpu=vfpv3 -mfloat-abi=hard -I../../Impedance_AD5933_bsp/ps7_cortexa9_0/include -MMD -MP -MF"src/MCP23S17.d" -MT"src/MCP23S17.o" -o "src/MCP23S17.o" "../src/MCP23S17.c"
../src/MCP23S17.c: In function 'sendMCSP':
../src/MCP23S17.c:367:29: warning: pointer targets in passing argument 2 of 'XSpi_Transfer' differ in signedness [-Wpointer-sign]
  XSpi_Transfer(&SpiInstance,setConfigo, readBuffer, 3);
                             ^~~~~~~~~~
In file included from ../src/MCP23S17.h:8,
                 from ../src/MCP23S17.c:3:
../../Impedance_AD5933_bsp/ps7_cortexa9_0/include/xspi.h:822:5: note: expected 'u8 *' {aka 'unsigned char *'} but argument is of type 'char *'
 int XSpi_Transfer(XSpi *InstancePtr, u8 *SendBufPtr, u8 *RecvBufPtr,
     ^~~~~~~~~~~~~
../src/MCP23S17.c:367:41: warning: pointer targets in passing argument 3 of 'XSpi_Transfer' differ in signedness [-Wpointer-sign]
  XSpi_Transfer(&SpiInstance,setConfigo, readBuffer, 3);
                                         ^~~~~~~~~~
In file included from ../src/MCP23S17.h:8,
                 from ../src/MCP23S17.c:3:
../../Impedance_AD5933_bsp/ps7_cortexa9_0/include/xspi.h:822:5: note: expected 'u8 *' {aka 'unsigned char *'} but argument is of type 'char *'
 int XSpi_Transfer(XSpi *InstancePtr, u8 *SendBufPtr, u8 *RecvBufPtr,
     ^~~~~~~~~~~~~
'Finished building: ../src/MCP23S17.c'
' '
'Building target: Impedance_AD5933.elf'
'Invoking: ARM v7 gcc linker'
arm-none-eabi-gcc -mcpu=cortex-a9 -mfpu=vfpv3 -mfloat-abi=hard -Wl,-build-id=none -specs=Xilinx.spec -Wl,-T -Wl,../src/lscript.ld -L../../Impedance_AD5933_bsp/ps7_cortexa9_0/lib -o "Impedance_AD5933.elf"  ./src/AD5933.o ./src/MCP23S17.o ./src/helloworld.o ./src/platform.o   -lm -Wl,--start-group,-lxil,-lgcc,-lc,--end-group
'Finished building target: Impedance_AD5933.elf'
' '
'Invoking: ARM v7 Print Size'
arm-none-eabi-size Impedance_AD5933.elf  |tee "Impedance_AD5933.elf.size"
   text	   data	    bss	    dec	    hex	filename
  80136	   2624	  29600	 112360	  1b6e8	Impedance_AD5933.elf
'Finished building: Impedance_AD5933.elf.size'
' '
23:15:18 **** Incremental Build of configuration Debug for project Impedance_AD5933 ****
make pre-build main-build 
a9-linaro-pre-build-step
' '
'Building file: ../src/helloworld.c'
'Invoking: ARM v7 gcc compiler'
arm-none-eabi-gcc -Wall -O0 -g3 -c -fmessage-length=0 -MT"src/helloworld.o" -mcpu=cortex-a9 -mfpu=vfpv3 -mfloat-abi=hard -I../../Impedance_AD5933_bsp/ps7_cortexa9_0/include -MMD -MP -MF"src/helloworld.d" -MT"src/helloworld.o" -o "src/helloworld.o" "../src/helloworld.c"
In file included from ../../Impedance_AD5933_bsp/ps7_cortexa9_0/include/xiic.h:323,
                 from ../src/AD5933.h:51,
                 from ../src/helloworld.c:40:
../src/helloworld.c: In function 'startGPIOPS':
../../Impedance_AD5933_bsp/ps7_cortexa9_0/include/xstatus.h:61:41: warning: 'return' with a value, in function returning void
 #define XST_FAILURE                     1L
                                         ^~
../src/helloworld.c:182:10: note: in expansion of macro 'XST_FAILURE'
   return XST_FAILURE;
          ^~~~~~~~~~~
../src/helloworld.c:170:6: note: declared here
 void startGPIOPS()
      ^~~~~~~~~~~
'Finished building: ../src/helloworld.c'
' '
'Building target: Impedance_AD5933.elf'
'Invoking: ARM v7 gcc linker'
arm-none-eabi-gcc -mcpu=cortex-a9 -mfpu=vfpv3 -mfloat-abi=hard -Wl,-build-id=none -specs=Xilinx.spec -Wl,-T -Wl,../src/lscript.ld -L../../Impedance_AD5933_bsp/ps7_cortexa9_0/lib -o "Impedance_AD5933.elf"  ./src/AD5933.o ./src/MCP23S17.o ./src/helloworld.o ./src/platform.o   -lm -Wl,--start-group,-lxil,-lgcc,-lc,--end-group
'Finished building target: Impedance_AD5933.elf'
' '
'Invoking: ARM v7 Print Size'
arm-none-eabi-size Impedance_AD5933.elf  |tee "Impedance_AD5933.elf.size"
   text	   data	    bss	    dec	    hex	filename
  80136	   2624	  29600	 112360	  1b6e8	Impedance_AD5933.elf
'Finished building: Impedance_AD5933.elf.size'
' '
23:16:55 **** Incremental Build of configuration Debug for project Impedance_AD5933 ****
make pre-build main-build 
a9-linaro-pre-build-step
' '
make: Nothing to be done for 'main-build'.
23:18:39 **** Incremental Build of configuration Debug for project Impedance_AD5933 ****
make pre-build main-build 
a9-linaro-pre-build-step
' '
make: Nothing to be done for 'main-build'.
23:21:21 **** Incremental Build of configuration Debug for project Impedance_AD5933 ****
make pre-build main-build 
a9-linaro-pre-build-step
' '
'Building file: ../src/MCP23S17.c'
'Invoking: ARM v7 gcc compiler'
arm-none-eabi-gcc -Wall -O0 -g3 -c -fmessage-length=0 -MT"src/MCP23S17.o" -mcpu=cortex-a9 -mfpu=vfpv3 -mfloat-abi=hard -I../../Impedance_AD5933_bsp/ps7_cortexa9_0/include -MMD -MP -MF"src/MCP23S17.d" -MT"src/MCP23S17.o" -o "src/MCP23S17.o" "../src/MCP23S17.c"
../src/MCP23S17.c: In function 'sendMCSP':
../src/MCP23S17.c:367:29: warning: pointer targets in passing argument 2 of 'XSpi_Transfer' differ in signedness [-Wpointer-sign]
  XSpi_Transfer(&SpiInstance,setConfigo, readBuffer, 3);
                             ^~~~~~~~~~
In file included from ../src/MCP23S17.h:8,
                 from ../src/MCP23S17.c:3:
../../Impedance_AD5933_bsp/ps7_cortexa9_0/include/xspi.h:822:5: note: expected 'u8 *' {aka 'unsigned char *'} but argument is of type 'char *'
 int XSpi_Transfer(XSpi *InstancePtr, u8 *SendBufPtr, u8 *RecvBufPtr,
     ^~~~~~~~~~~~~
../src/MCP23S17.c:367:41: warning: pointer targets in passing argument 3 of 'XSpi_Transfer' differ in signedness [-Wpointer-sign]
  XSpi_Transfer(&SpiInstance,setConfigo, readBuffer, 3);
                                         ^~~~~~~~~~
In file included from ../src/MCP23S17.h:8,
                 from ../src/MCP23S17.c:3:
../../Impedance_AD5933_bsp/ps7_cortexa9_0/include/xspi.h:822:5: note: expected 'u8 *' {aka 'unsigned char *'} but argument is of type 'char *'
 int XSpi_Transfer(XSpi *InstancePtr, u8 *SendBufPtr, u8 *RecvBufPtr,
     ^~~~~~~~~~~~~
'Finished building: ../src/MCP23S17.c'
' '
'Building target: Impedance_AD5933.elf'
'Invoking: ARM v7 gcc linker'
arm-none-eabi-gcc -mcpu=cortex-a9 -mfpu=vfpv3 -mfloat-abi=hard -Wl,-build-id=none -specs=Xilinx.spec -Wl,-T -Wl,../src/lscript.ld -L../../Impedance_AD5933_bsp/ps7_cortexa9_0/lib -o "Impedance_AD5933.elf"  ./src/AD5933.o ./src/MCP23S17.o ./src/helloworld.o ./src/platform.o   -lm -Wl,--start-group,-lxil,-lgcc,-lc,--end-group
'Finished building target: Impedance_AD5933.elf'
' '
'Invoking: ARM v7 Print Size'
arm-none-eabi-size Impedance_AD5933.elf  |tee "Impedance_AD5933.elf.size"
   text	   data	    bss	    dec	    hex	filename
  80136	   2624	  29600	 112360	  1b6e8	Impedance_AD5933.elf
'Finished building: Impedance_AD5933.elf.size'
' '
23:30:46 **** Incremental Build of configuration Debug for project Impedance_AD5933 ****
make pre-build main-build 
a9-linaro-pre-build-step
' '
'Building file: ../src/AD5933.c'
'Invoking: ARM v7 gcc compiler'
arm-none-eabi-gcc -Wall -O0 -g3 -c -fmessage-length=0 -MT"src/AD5933.o" -mcpu=cortex-a9 -mfpu=vfpv3 -mfloat-abi=hard -I../../Impedance_AD5933_bsp/ps7_cortexa9_0/include -MMD -MP -MF"src/AD5933.d" -MT"src/AD5933.o" -o "src/AD5933.o" "../src/AD5933.c"
../src/AD5933.c: In function 'AD5933_StartSweep':
../src/AD5933.c:197:16: warning: unused variable 'imgData' [-Wunused-variable]
  int realData, imgData = 0;
                ^~~~~~~
../src/AD5933.c:197:6: warning: unused variable 'realData' [-Wunused-variable]
  int realData, imgData = 0;
      ^~~~~~~~
../src/AD5933.c: In function 'AD5933_CalculateImpedance':
../src/AD5933.c:287:23: warning: unused variable 'frequen' [-Wunused-variable]
  int          status, frequen = 0;
                       ^~~~~~~
../src/AD5933.c: In function 'calibration':
../src/AD5933.c:368:27: warning: variable 'wholeFactor2' set but not used [-Wunused-but-set-variable]
  static int wholeFactor1, wholeFactor2 = 0;
                           ^~~~~~~~~~~~
../src/AD5933.c:368:13: warning: variable 'wholeFactor1' set but not used [-Wunused-but-set-variable]
  static int wholeFactor1, wholeFactor2 = 0;
             ^~~~~~~~~~~~
'Finished building: ../src/AD5933.c'
' '
'Building file: ../src/helloworld.c'
'Invoking: ARM v7 gcc compiler'
arm-none-eabi-gcc -Wall -O0 -g3 -c -fmessage-length=0 -MT"src/helloworld.o" -mcpu=cortex-a9 -mfpu=vfpv3 -mfloat-abi=hard -I../../Impedance_AD5933_bsp/ps7_cortexa9_0/include -MMD -MP -MF"src/helloworld.d" -MT"src/helloworld.o" -o "src/helloworld.o" "../src/helloworld.c"
In file included from ../../Impedance_AD5933_bsp/ps7_cortexa9_0/include/xiic.h:323,
                 from ../src/AD5933.h:51,
                 from ../src/helloworld.c:40:
../src/helloworld.c: In function 'startGPIOPS':
../../Impedance_AD5933_bsp/ps7_cortexa9_0/include/xstatus.h:61:41: warning: 'return' with a value, in function returning void
 #define XST_FAILURE                     1L
                                         ^~
../src/helloworld.c:182:10: note: in expansion of macro 'XST_FAILURE'
   return XST_FAILURE;
          ^~~~~~~~~~~
../src/helloworld.c:170:6: note: declared here
 void startGPIOPS()
      ^~~~~~~~~~~
'Finished building: ../src/helloworld.c'
' '
'Building target: Impedance_AD5933.elf'
'Invoking: ARM v7 gcc linker'
arm-none-eabi-gcc -mcpu=cortex-a9 -mfpu=vfpv3 -mfloat-abi=hard -Wl,-build-id=none -specs=Xilinx.spec -Wl,-T -Wl,../src/lscript.ld -L../../Impedance_AD5933_bsp/ps7_cortexa9_0/lib -o "Impedance_AD5933.elf"  ./src/AD5933.o ./src/MCP23S17.o ./src/helloworld.o ./src/platform.o   -lm -Wl,--start-group,-lxil,-lgcc,-lc,--end-group
'Finished building target: Impedance_AD5933.elf'
' '
'Invoking: ARM v7 Print Size'
arm-none-eabi-size Impedance_AD5933.elf  |tee "Impedance_AD5933.elf.size"
   text	   data	    bss	    dec	    hex	filename
  80136	   2624	  29600	 112360	  1b6e8	Impedance_AD5933.elf
'Finished building: Impedance_AD5933.elf.size'
' '
