16:24:27 **** Incremental Build of configuration Debug for project Impedance_AD5933 ****
make pre-build main-build 
a9-linaro-pre-build-step
' '
'Building file: ../src/AD5933.c'
'Invoking: ARM v7 gcc compiler'
arm-none-eabi-gcc -Wall -O0 -g3 -c -fmessage-length=0 -MT"src/AD5933.o" -mcpu=cortex-a9 -mfpu=vfpv3 -mfloat-abi=hard -I../../Impedance_AD5933_bsp/ps7_cortexa9_0/include -MMD -MP -MF"src/AD5933.d" -MT"src/AD5933.o" -o "src/AD5933.o" "../src/AD5933.c"
../src/AD5933.c: In function 'AD5933_StartSweep':
../src/AD5933.c:197:16: warning: unused variable 'imgData' [-Wunused-variable]
  int realData, imgData = 0;
                ^~~~~~~
../src/AD5933.c:197:6: warning: unused variable 'realData' [-Wunused-variable]
  int realData, imgData = 0;
      ^~~~~~~~
../src/AD5933.c: In function 'AD5933_CalculateImpedance':
../src/AD5933.c:287:32: warning: unused variable 'stap' [-Wunused-variable]
  int          status, frequen, stap     = 0;
                                ^~~~
../src/AD5933.c:287:23: warning: unused variable 'frequen' [-Wunused-variable]
  int          status, frequen, stap     = 0;
                       ^~~~~~~
../src/AD5933.c: In function 'writeSerialImpedanceArray':
../src/AD5933.c:482:45: warning: format '%f' expects argument of type 'double', but argument 4 has type 'int' [-Wformat=]
   printf("Freq:%d, Impedance:%d, Magnitude:%f, Imaginary:%f, Real:%f\n",Freq_ImpArray[i][0], Freq_ImpArray[i][1], Freq_ImpArray[i][2], Freq_ImpArray[i][3], Freq_ImpArray[i][4]);
                                            ~^                                                                     ~~~~~~~~~~~~~~~~~~~
                                            %d
../src/AD5933.c:482:59: warning: format '%f' expects argument of type 'double', but argument 5 has type 'int' [-Wformat=]
   printf("Freq:%d, Impedance:%d, Magnitude:%f, Imaginary:%f, Real:%f\n",Freq_ImpArray[i][0], Freq_ImpArray[i][1], Freq_ImpArray[i][2], Freq_ImpArray[i][3], Freq_ImpArray[i][4]);
                                                          ~^                                                                            ~~~~~~~~~~~~~~~~~~~
                                                          %d
../src/AD5933.c:482:68: warning: format '%f' expects argument of type 'double', but argument 6 has type 'int' [-Wformat=]
   printf("Freq:%d, Impedance:%d, Magnitude:%f, Imaginary:%f, Real:%f\n",Freq_ImpArray[i][0], Freq_ImpArray[i][1], Freq_ImpArray[i][2], Freq_ImpArray[i][3], Freq_ImpArray[i][4]);
                                                                   ~^                                                                                        ~~~~~~~~~~~~~~~~~~~
                                                                   %d
In file included from ../src/AD5933.c:5:
At top level:
../src/MCP23S17.h:17:13: warning: 'SpiInstance' defined but not used [-Wunused-variable]
 static XSpi SpiInstance;
             ^~~~~~~~~~~
'Finished building: ../src/AD5933.c'
' '
'Building target: Impedance_AD5933.elf'
'Invoking: ARM v7 gcc linker'
arm-none-eabi-gcc -mcpu=cortex-a9 -mfpu=vfpv3 -mfloat-abi=hard -Wl,-build-id=none -specs=Xilinx.spec -Wl,-T -Wl,../src/lscript.ld -L../../Impedance_AD5933_bsp/ps7_cortexa9_0/lib -o "Impedance_AD5933.elf"  ./src/AD5933.o ./src/MCP23S17.o ./src/helloworld.o ./src/platform.o   -lm -Wl,--start-group,-lxil,-lgcc,-lc,--end-group
'Finished building target: Impedance_AD5933.elf'
' '
'Invoking: ARM v7 Print Size'
arm-none-eabi-size Impedance_AD5933.elf  |tee "Impedance_AD5933.elf.size"
   text	   data	    bss	    dec	    hex	filename
  78032	   2624	  27312	 107968	  1a5c0	Impedance_AD5933.elf
'Finished building: Impedance_AD5933.elf.size'
' '

16:24:28 Build Finished (took 988ms)

