14:41:48 **** Incremental Build of configuration Debug for project FreeRTOS_Timers ****
make pre-build main-build 
a9-linaro-pre-build-step
' '
'Building file: ../src/freertos_hello_world.c'
'Invoking: ARM v7 gcc compiler'
arm-none-eabi-gcc -Wall -O0 -g3 -c -fmessage-length=0 -MT"src/freertos_hello_world.o" -mcpu=cortex-a9 -mfpu=vfpv3 -mfloat-abi=hard -I../../FreeRTOS_Timers_bsp/ps7_cortexa9_0/include -MMD -MP -MF"src/freertos_hello_world.d" -MT"src/freertos_hello_world.o" -o "src/freertos_hello_world.o" "../src/freertos_hello_world.c"
../src/freertos_hello_world.c: In function 'main':
../src/freertos_hello_world.c:78:26: warning: pointer targets in passing argument 2 of 'xTaskCreate' differ in signedness [-Wpointer-sign]
  xTaskCreate( prvLed_ON, ( signed char * ) "LED_ON",
                          ^~~~~~~~~~~~~~~~~~~~~~~~~~
In file included from ../src/freertos_hello_world.c:3:
../../FreeRTOS_Timers_bsp/ps7_cortexa9_0/include/task.h:322:13: note: expected 'const char * const' but argument is of type 'signed char *'
  BaseType_t xTaskCreate( TaskFunction_t pxTaskCode,
             ^~~~~~~~~~~
../src/freertos_hello_world.c: In function 'prvLed_Toggle':
../src/freertos_hello_world.c:146:15: warning: variable 'xNextWakeTime' set but not used [-Wunused-but-set-variable]
  portTickType xNextWakeTime;
               ^~~~~~~~~~~~~
../src/freertos_hello_world.c: At top level:
../src/freertos_hello_world.c:35:13: warning: 'prvLed_OFF' declared 'static' but never defined [-Wunused-function]
 static void prvLed_OFF( void *pvParameters );
             ^~~~~~~~~~
'Finished building: ../src/freertos_hello_world.c'
' '
'Building target: FreeRTOS_Timers.elf'
'Invoking: ARM v7 gcc linker'
arm-none-eabi-gcc -mcpu=cortex-a9 -mfpu=vfpv3 -mfloat-abi=hard -Wl,-build-id=none -specs=Xilinx.spec -Wl,-T -Wl,../src/lscript.ld -L../../FreeRTOS_Timers_bsp/ps7_cortexa9_0/lib -o "FreeRTOS_Timers.elf"  ./src/freertos_hello_world.o   -Wl,--start-group,-lxil,-lfreertos,-lgcc,-lc,--end-group
'Finished building target: FreeRTOS_Timers.elf'
' '
'Invoking: ARM v7 Print Size'
arm-none-eabi-size FreeRTOS_Timers.elf  |tee "FreeRTOS_Timers.elf.size"
   text	   data	    bss	    dec	    hex	filename
  85080	   3376	  89456	 177912	  2b6f8	FreeRTOS_Timers.elf
'Finished building: FreeRTOS_Timers.elf.size'
' '
14:41:53 **** Incremental Build of configuration Debug for project FreeRTOS_Timers ****
make pre-build main-build 
a9-linaro-pre-build-step
' '
make: Nothing to be done for 'main-build'.
