16:08:36 **** Build of configuration Debug for project Mutex ****
make pre-build main-build 
a9-linaro-pre-build-step
' '
'Building file: ../src/freertos_hello_world.c'
'Invoking: ARM v7 gcc compiler'
arm-none-eabi-gcc -Wall -O0 -g3 -c -fmessage-length=0 -MT"src/freertos_hello_world.o" -mcpu=cortex-a9 -mfpu=vfpv3 -mfloat-abi=hard -I../../Mutex_bsp/ps7_cortexa9_0/include -MMD -MP -MF"src/freertos_hello_world.d" -MT"src/freertos_hello_world.o" -o "src/freertos_hello_world.o" "../src/freertos_hello_world.c"
../src/freertos_hello_world.c: In function 'main':
../src/freertos_hello_world.c:68:26: warning: pointer targets in passing argument 2 of 'xTaskCreate' differ in signedness [-Wpointer-sign]
  xTaskCreate( prvLed_ON, ( signed char * ) "LED_ON",
                          ^~~~~~~~~~~~~~~~~~~~~~~~~~
In file included from ../src/freertos_hello_world.c:3:
../../Mutex_bsp/ps7_cortexa9_0/include/task.h:322:13: note: expected 'const char * const' but argument is of type 'signed char *'
  BaseType_t xTaskCreate( TaskFunction_t pxTaskCode,
             ^~~~~~~~~~~
../src/freertos_hello_world.c:71:27: warning: pointer targets in passing argument 2 of 'xTaskCreate' differ in signedness [-Wpointer-sign]
  xTaskCreate( prvLed_OFF, ( signed char * ) "LED_OFF",
                           ^~~~~~~~~~~~~~~~~~~~~~~~~~~
In file included from ../src/freertos_hello_world.c:3:
../../Mutex_bsp/ps7_cortexa9_0/include/task.h:322:13: note: expected 'const char * const' but argument is of type 'signed char *'
  BaseType_t xTaskCreate( TaskFunction_t pxTaskCode,
             ^~~~~~~~~~~
'Finished building: ../src/freertos_hello_world.c'
' '
'Building target: Mutex.elf'
'Invoking: ARM v7 gcc linker'
arm-none-eabi-gcc -mcpu=cortex-a9 -mfpu=vfpv3 -mfloat-abi=hard -Wl,-build-id=none -specs=Xilinx.spec -Wl,-T -Wl,../src/lscript.ld -L../../Mutex_bsp/ps7_cortexa9_0/lib -o "Mutex.elf"  ./src/freertos_hello_world.o   -Wl,--start-group,-lxil,-lfreertos,-lgcc,-lc,--end-group
'Finished building target: Mutex.elf'
' '
'Invoking: ARM v7 Print Size'
arm-none-eabi-size Mutex.elf  |tee "Mutex.elf.size"
   text	   data	    bss	    dec	    hex	filename
  84536	   3376	  89440	 177352	  2b4c8	Mutex.elf
'Finished building: Mutex.elf.size'
' '

16:08:36 Build Finished (took 596ms)

