19:51:13 **** Incremental Build of configuration Debug for project AXIGPIO_FreeRTOS ****
make pre-build main-build 
a9-linaro-pre-build-step
' '
'Building file: ../src/freertos_hello_world.c'
'Invoking: ARM v7 gcc compiler'
arm-none-eabi-gcc -Wall -O0 -g3 -c -fmessage-length=0 -MT"src/freertos_hello_world.o" -mcpu=cortex-a9 -mfpu=vfpv3 -mfloat-abi=hard -I../../AXIGPIO_FreeRTOS_bsp/ps7_cortexa9_0/include -MMD -MP -MF"src/freertos_hello_world.d" -MT"src/freertos_hello_world.o" -o "src/freertos_hello_world.o" "../src/freertos_hello_world.c"
../src/freertos_hello_world.c: In function 'prvRxTask':
../src/freertos_hello_world.c:188:3: warning: implicit declaration of function 'printf' [-Wimplicit-function-declaration]
   printf("Value of Switch: %d\r\n",(int) RecData);
   ^~~~~~
../src/freertos_hello_world.c:188:3: warning: incompatible implicit declaration of built-in function 'printf'
../src/freertos_hello_world.c:188:3: note: include '<stdio.h>' or provide a declaration of 'printf'
../src/freertos_hello_world.c:40:1:
+#include <stdio.h>
 
../src/freertos_hello_world.c:188:3:
   printf("Value of Switch: %d\r\n",(int) RecData);
   ^~~~~~
../src/freertos_hello_world.c:178:13: warning: unused variable 'value' [-Wunused-variable]
 int number, value = 0;
             ^~~~~
../src/freertos_hello_world.c:176:6: warning: unused variable 'Recdstring' [-Wunused-variable]
 char Recdstring[15] = "";
      ^~~~~~~~~~
../src/freertos_hello_world.c: In function 'startGPIOPS':
../src/freertos_hello_world.c:295:3: warning: incompatible implicit declaration of built-in function 'printf'
   printf("status error \n\r");
   ^~~~~~
../src/freertos_hello_world.c:295:3: note: include '<stdio.h>' or provide a declaration of 'printf'
In file included from ../../AXIGPIO_FreeRTOS_bsp/ps7_cortexa9_0/include/xgpio.h:132,
                 from ../src/freertos_hello_world.c:38:
../../AXIGPIO_FreeRTOS_bsp/ps7_cortexa9_0/include/xstatus.h:61:41: warning: 'return' with a value, in function returning void
 #define XST_FAILURE                     1L
                                         ^~
../src/freertos_hello_world.c:296:10: note: in expansion of macro 'XST_FAILURE'
   return XST_FAILURE;
          ^~~~~~~~~~~
../src/freertos_hello_world.c:283:6: note: declared here
 void startGPIOPS()
      ^~~~~~~~~~~
../src/freertos_hello_world.c:298:5: warning: incompatible implicit declaration of built-in function 'printf'
     printf("Starting GPIO PS\n\r");
     ^~~~~~
../src/freertos_hello_world.c:298:5: note: include '<stdio.h>' or provide a declaration of 'printf'
In file included from ../../AXIGPIO_FreeRTOS_bsp/ps7_cortexa9_0/include/xgpio.h:132,
                 from ../src/freertos_hello_world.c:38:
../../AXIGPIO_FreeRTOS_bsp/ps7_cortexa9_0/include/xstatus.h:61:41: warning: 'return' with a value, in function returning void
 #define XST_FAILURE                     1L
                                         ^~
../src/freertos_hello_world.c:307:10: note: in expansion of macro 'XST_FAILURE'
   return XST_FAILURE;
          ^~~~~~~~~~~
../src/freertos_hello_world.c:283:6: note: declared here
 void startGPIOPS()
      ^~~~~~~~~~~
../src/freertos_hello_world.c:303:16: warning: unused variable 'GPIOConfigPtr' [-Wunused-variable]
  XGpio_Config *GPIOConfigPtr;
                ^~~~~~~~~~~~~
../src/freertos_hello_world.c:285:15: warning: unused variable 'Delay' [-Wunused-variable]
  volatile int Delay;
               ^~~~~
'Finished building: ../src/freertos_hello_world.c'
' '
'Building target: AXIGPIO_FreeRTOS.elf'
'Invoking: ARM v7 gcc linker'
arm-none-eabi-gcc -mcpu=cortex-a9 -mfpu=vfpv3 -mfloat-abi=hard -Wl,-build-id=none -specs=Xilinx.spec -Wl,-T -Wl,../src/lscript.ld -L../../AXIGPIO_FreeRTOS_bsp/ps7_cortexa9_0/lib -o "AXIGPIO_FreeRTOS.elf"  ./src/freertos_hello_world.o   -Wl,--start-group,-lxil,-lfreertos,-lgcc,-lc,--end-group
'Finished building target: AXIGPIO_FreeRTOS.elf'
' '
'Invoking: ARM v7 Print Size'
arm-none-eabi-size AXIGPIO_FreeRTOS.elf  |tee "AXIGPIO_FreeRTOS.elf.size"
   text	   data	    bss	    dec	    hex	filename
 102428	   3408	  89488	 195324	  2fafc	AXIGPIO_FreeRTOS.elf
'Finished building: AXIGPIO_FreeRTOS.elf.size'
' '

19:51:13 Build Finished (took 653ms)

