23:54:45 **** Incremental Build of configuration Debug for project firstTest ****
make pre-build main-build 
a9-linaro-pre-build-step
' '
'Building file: ../src/helloworld.c'
'Invoking: ARM v7 gcc compiler'
arm-none-eabi-gcc -Wall -O0 -g3 -c -fmessage-length=0 -MT"src/helloworld.o" -mcpu=cortex-a9 -mfpu=vfpv3 -mfloat-abi=hard -I../../firstTest_bsp/ps7_cortexa9_0/include -MMD -MP -MF"src/helloworld.d" -MT"src/helloworld.o" -o "src/helloworld.o" "../src/helloworld.c"
../src/helloworld.c: In function 'main':
../src/helloworld.c:19:9: warning: unused variable 'itel' [-Wunused-variable]
     int itel;
         ^~~~
../src/helloworld.c:18:18: warning: unused variable 'Status' [-Wunused-variable]
     int readreg, Status;
                  ^~~~~~
'Finished building: ../src/helloworld.c'
' '
'Building target: firstTest.elf'
'Invoking: ARM v7 gcc linker'
arm-none-eabi-gcc -mcpu=cortex-a9 -mfpu=vfpv3 -mfloat-abi=hard -Wl,-build-id=none -specs=Xilinx.spec -Wl,-T -Wl,../src/lscript.ld -L../../firstTest_bsp/ps7_cortexa9_0/lib -o "firstTest.elf"  ./src/helloworld.o ./src/platform.o   -Wl,--start-group,-lxil,-lgcc,-lc,--end-group
'Finished building target: firstTest.elf'
' '
'Invoking: ARM v7 Print Size'
arm-none-eabi-size firstTest.elf  |tee "firstTest.elf.size"
   text	   data	    bss	    dec	    hex	filename
  56972	   2584	  23328	  82884	  143c4	firstTest.elf
'Finished building: firstTest.elf.size'
' '

23:54:46 Build Finished (took 653ms)

